{
 "mode": "renyi2",
 "nodes": 32,
 "p_max": 3.5,
 "deg": [
  5,
  10,
  15,
  20,
  26.565,
  30,
  40,
  45,
  50,
  60,
  63.435,
  70,
  80,
  90,
  100,
  110,
  116.565,
  120,
  130,
  135,
  140,
  150,
  153.435,
  160,
  170
 ],
 "s2_real_scalar": [
  0.014017969872831224,
  0.05158806097707728,
  0.05298426006025812,
  0.0475054657733226,
  0.0391234760517373,
  0.035142063591604565,
  0.025818116717579383,
  0.022263667245281362,
  0.01928118538737858,
  0.014611117325270716,
  0.013312862429468568,
  0.011161586825621211,
  0.008534353785991062,
  0.006485648098247536,
  0.004862483466398235,
  0.003565701504352865,
  0.0028589741700106547,
  0.002529045884166586,
  0.0017071506396316909,
  0.0013664693546163148,
  0.0010684663157077634,
  0.0005909826203672342,
  0.0004612721923115546,
  0.00025959049603402904,
  6.444841599028827e-05
 ],
 "sigma2": 0.002110855976529369,
 "sigma2p": 0.0001590083709315331,
 "sigma2pp": 1.557328769182951e-05,
 "sigma2ppp": 1.5596632493152623e-06,
 "worst_series_resid": 8.522691607343889e-15
}

CONTROLS (real scalar): sigma_2=2.110855977e-03 vs 1/(48pi^2)=2.110857993e-03 ratio 0.9999990
  sigma_2'=1.5900837e-04 vs (5+pi^2)/(960pi^4)=1.5901156e-04 ratio 0.999980
  sigma_2''=1.5573288e-05 vs Helmes/2=1.5576738e-05 ratio 0.999779
  sigma_2'''=1.5596632e-06 vs Helmes/2=1.5620631e-06 ratio 0.998464
  s_2(  5.000 deg) = 1.401797e-02
  s_2( 10.000 deg) = 5.158806e-02
  s_2( 15.000 deg) = 5.298426e-02
  s_2( 20.000 deg) = 4.750547e-02
  s_2( 26.565 deg) = 3.912348e-02   [HHCWM16 alpha=2 complex/2: 4.40500e-02  ratio 0.8882]
  s_2( 30.000 deg) = 3.514206e-02
  s_2( 40.000 deg) = 2.581812e-02
  s_2( 45.000 deg) = 2.226367e-02   [HHCWM16 alpha=2 complex/2: 2.26500e-02  ratio 0.9829]
  s_2( 50.000 deg) = 1.928119e-02
  s_2( 60.000 deg) = 1.461112e-02
  s_2( 63.435 deg) = 1.331286e-02   [HHCWM16 alpha=2 complex/2: 1.33500e-02  ratio 0.9972]
  s_2( 70.000 deg) = 1.116159e-02
  s_2( 80.000 deg) = 8.534354e-03
  s_2( 90.000 deg) = 6.485648e-03   [HHCWM16 alpha=2 complex/2: 6.50000e-03  ratio 0.9978]
  s_2(100.000 deg) = 4.862483e-03
  s_2(110.000 deg) = 3.565702e-03
  s_2(116.565 deg) = 2.858974e-03   [HHCWM16 alpha=2 complex/2: 2.86000e-03  ratio 0.9996]
  s_2(120.000 deg) = 2.529046e-03
  s_2(130.000 deg) = 1.707151e-03
  s_2(135.000 deg) = 1.366469e-03   [HHCWM16 alpha=2 complex/2: 1.36500e-03  ratio 1.0011]
  s_2(140.000 deg) = 1.068466e-03
  s_2(150.000 deg) = 5.909826e-04
  s_2(153.435 deg) = 4.612722e-04   [HHCWM16 alpha=2 complex/2: 4.61500e-04  ratio 0.9995]
  s_2(160.000 deg) = 2.595905e-04
  s_2(170.000 deg) = 6.444842e-05
