  p= 0.0082 M= 0.5001 H1=+2.652e-02 F(pi/2)=+3.539e-02 resid=1.0e-16  [  0.2s]
  p= 0.0432 M= 0.5019 H1=+2.633e-02 F(pi/2)=+3.514e-02 resid=3.7e-17  [  0.3s]
  p= 0.1057 M= 0.5111 H1=+2.539e-02 F(pi/2)=+3.389e-02 resid=5.2e-17  [  0.5s]
  p= 0.1953 M= 0.5368 H1=+2.287e-02 F(pi/2)=+3.058e-02 resid=5.6e-17  [  0.7s]
  p= 0.3110 M= 0.5888 H1=+1.834e-02 F(pi/2)=+2.465e-02 resid=6.8e-17  [  1.3s]
  p= 0.4519 M= 0.6740 H1=+1.251e-02 F(pi/2)=+1.706e-02 resid=1.2e-16  [  1.9s]
  p= 0.6165 M= 0.7938 H1=+7.029e-03 F(pi/2)=+9.913e-03 resid=2.4e-16  [  2.5s]
  p= 0.8035 M= 0.9463 H1=+3.223e-03 F(pi/2)=+4.841e-03 resid=3.7e-16  [  3.3s]
  p= 1.0109 M= 1.1278 H1=+1.218e-03 F(pi/2)=+2.029e-03 resid=5.0e-16  [  4.1s]
  p= 1.2369 M= 1.3341 H1=+3.881e-04 F(pi/2)=+7.525e-04 resid=7.0e-16  [  4.8s]
  p= 1.4793 M= 1.5615 H1=+1.067e-04 F(pi/2)=+2.554e-04 resid=6.5e-16  [  5.5s]
  p= 1.7359 M= 1.8065 H1=+2.598e-05 F(pi/2)=+8.186e-05 resid=3.6e-16  [  6.1s]
  p= 2.0044 M= 2.0658 H1=+5.720e-06 F(pi/2)=+2.657e-05 resid=1.8e-15  [  6.7s]
  p= 2.2821 M= 2.3363 H1=+1.163e-06 F(pi/2)=+1.671e-04 resid=1.4e-13  [  6.9s]
  p= 2.5666 M= 2.6148 H1=+2.230e-07 F(pi/2)=-4.026e-03 resid=5.4e-15  [  7.4s]
  p= 2.8551 M= 2.8985 H1=+4.107e-08 F(pi/2)=-1.236e-02 resid=1.3e-12  [  7.6s]
  p= 3.1449 M= 3.1844 H1=+7.405e-09 F(pi/2)=-2.938e-02 resid=5.8e-12  [  8.0s]
  p= 3.4334 M= 3.4696 H1=+1.332e-09 F(pi/2)=+9.944e-02 resid=7.1e-15  [  8.2s]
  p= 3.7179 M= 3.7513 H1=+2.434e-10 F(pi/2)=+6.439e+00 resid=8.3e-15  [  8.5s]
  p= 3.9956 M= 4.0268 H1=+4.597e-11 F(pi/2)=+1.218e+01 resid=6.3e-15  [  8.7s]
  p= 4.2641 M= 4.2933 H1=+9.133e-12 F(pi/2)=+2.441e+01 resid=4.1e-15  [  8.9s]
  p= 4.5207 M= 4.5483 H1=+1.940e-12 F(pi/2)=-2.961e+00 resid=7.1e-15  [  9.3s]
  p= 4.7631 M= 4.7893 H1=+4.473e-13 F(pi/2)=+3.917e+01 resid=6.3e-15  [  9.6s]
  p= 4.9891 M= 5.0141 H1=+1.137e-13 F(pi/2)=+1.546e+02 resid=3.6e-11  [  9.9s]
  p= 5.1965 M= 5.2205 H1=+3.274e-14 F(pi/2)=+1.815e+02 resid=1.7e-14  [ 10.2s]
  p= 5.3835 M= 5.4066 H1=+1.021e-14 F(pi/2)=-7.817e+04 resid=2.0e-14  [ 10.4s]
  p= 5.5481 M= 5.5706 H1=+4.529e-15 F(pi/2)=-5.163e+03 resid=5.2e-09  [ 10.6s]
  p= 5.6890 M= 5.7109 H1=+2.550e-15 F(pi/2)=-2.024e+05 resid=2.4e-14  [ 10.8s]
  p= 5.8047 M= 5.8262 H1=+1.333e-15 F(pi/2)=-7.540e+05 resid=1.9e-14  [ 11.1s]
  p= 5.8943 M= 5.9155 H1=+6.358e-16 F(pi/2)=-2.906e+06 resid=3.0e-14  [ 11.3s]
  p= 5.9568 M= 5.9778 H1=+5.731e-17 F(pi/2)=-5.318e+06 resid=8.7e-15  [ 11.6s]
  p= 5.9918 M= 6.0126 H1=-5.535e-16 F(pi/2)=-6.158e+06 resid=3.6e-07  [ 11.8s]
