{
 "mode": "renyi2",
 "nodes": 32,
 "deg": [
  5,
  10,
  15,
  20,
  26.565,
  30,
  40,
  45,
  50,
  60,
  63.435,
  70,
  80,
  90,
  100,
  110,
  116.565,
  120,
  130,
  135,
  140,
  150,
  153.435,
  160,
  170
 ],
 "s2_real_scalar": [
  -1.3386467841645376e+16,
  -2901648153498088.5,
  -765245896987183.9,
  -219407426082694.75,
  -45652688490547.96,
  -20515640803167.46,
  -2118176865565.0305,
  -697745186681.6205,
  -232887201167.16077,
  -26825970751.837067,
  -12885616574.036987,
  -3210611917.326565,
  -397593013.6349443,
  -50870789.019797325,
  -6729910.256074753,
  -923562.3752503666,
  -256542.94245444614,
  -132341.2414989132,
  -20016.72982554081,
  -7975.038558315652,
  -3231.024306346904,
  -546.3121096606989,
  -293.8109943080493,
  -81.80925625915187,
  -3.8364327596746177
 ],
 "sigma2": 0.0021108579925702177,
 "sigma2p": 0.00015901155726690832,
 "sigma2pp": 1.5576737793119856e-05,
 "sigma2ppp": 1.562063271796081e-06,
 "worst_series_resid": 3.550387317072752e-07
}

CONTROLS (real scalar): sigma_2=2.110857993e-03 vs 1/(48pi^2)=2.110857993e-03 ratio 1.0000000
  sigma_2'=1.5901156e-04 vs (5+pi^2)/(960pi^4)=1.5901156e-04 ratio 1.000000
  sigma_2''=1.5576738e-05 vs Helmes/2=1.5576738e-05 ratio 1.000000
  sigma_2'''=1.5620633e-06 vs Helmes/2=1.5620631e-06 ratio 1.000000
  s_2(  5.000 deg) = -1.338647e+16
  s_2( 10.000 deg) = -2.901648e+15
  s_2( 15.000 deg) = -7.652459e+14
  s_2( 20.000 deg) = -2.194074e+14
  s_2( 26.565 deg) = -4.565269e+13   [HHCWM16 alpha=2 complex/2: 4.40500e-02  ratio -1036383393656026.3750]
  s_2( 30.000 deg) = -2.051564e+13
  s_2( 40.000 deg) = -2.118177e+12
  s_2( 45.000 deg) = -6.977452e+11   [HHCWM16 alpha=2 complex/2: 2.26500e-02  ratio -30805527005811.0586]
  s_2( 50.000 deg) = -2.328872e+11
  s_2( 60.000 deg) = -2.682597e+10
  s_2( 63.435 deg) = -1.288562e+10   [HHCWM16 alpha=2 complex/2: 1.33500e-02  ratio -965214724646.9653]
  s_2( 70.000 deg) = -3.210612e+09
  s_2( 80.000 deg) = -3.975930e+08
  s_2( 90.000 deg) = -5.087079e+07   [HHCWM16 alpha=2 complex/2: 6.50000e-03  ratio -7826275233.8150]
  s_2(100.000 deg) = -6.729910e+06
  s_2(110.000 deg) = -9.235624e+05
  s_2(116.565 deg) = -2.565429e+05   [HHCWM16 alpha=2 complex/2: 2.86000e-03  ratio -89700329.5295]
  s_2(120.000 deg) = -1.323412e+05
  s_2(130.000 deg) = -2.001673e+04
  s_2(135.000 deg) = -7.975039e+03   [HHCWM16 alpha=2 complex/2: 1.36500e-03  ratio -5842519.0903]
  s_2(140.000 deg) = -3.231024e+03
  s_2(150.000 deg) = -5.463121e+02
  s_2(153.435 deg) = -2.938110e+02   [HHCWM16 alpha=2 complex/2: 4.61500e-04  ratio -636643.5413]
  s_2(160.000 deg) = -8.180926e+01
  s_2(170.000 deg) = -3.836433e+00
