48 nodes, 10 workers
done in 541s; failures: 0
{
 "mode": "renyi2",
 "deg": [
  5,
  10,
  15,
  20,
  26.565,
  30,
  40,
  45,
  50,
  60,
  63.435,
  70,
  80,
  90,
  100,
  110,
  116.565,
  120,
  130,
  135,
  140,
  150,
  153.435,
  160,
  170
 ],
 "s": [
  0.23768648200329656,
  0.1264416750870741,
  0.0830322263856076,
  0.060774487886878704,
  0.04405143520152001,
  0.03815073717321987,
  0.026581829588681605,
  0.02265928862961047,
  0.019489168887362063,
  0.014670814720059782,
  0.01335215319419899,
  0.01117949427185349,
  0.008539944463259582,
  0.00648746087989032,
  0.004863092900956835,
  0.003565913161458899,
  0.002859081326701774,
  0.002529121120372423,
  0.0017071774259010694,
  0.0013664851383280911,
  0.0010684754254679917,
  0.0005909852726509739,
  0.00046127379468413306,
  0.00025959096764564165,
  6.444840280602157e-05
 ],
 "n1": 24,
 "n2": 24,
 "p_max": 15.0,
 "nt": 1,
 "t_max": 0.0,
 "sigma_from_H1": 0.002110857992550171,
 "sigmap_from_H3": 0.000159011557197898,
 "nodes": 48,
 "failures": 0
}
