{
 "mode": "renyi2",
 "nodes": 32,
 "p_max": 5.0,
 "deg": [
  5,
  10,
  15,
  20,
  26.565,
  30,
  40,
  45,
  50,
  60,
  63.435,
  70,
  80,
  90,
  100,
  110,
  116.565,
  120,
  130,
  135,
  140,
  150,
  153.435,
  160,
  170
 ],
 "s2_real_scalar": [
  -3424.701960863974,
  -885.1499251008893,
  -277.9070408807852,
  -94.78712928076044,
  -24.732967315518938,
  -12.499338826328373,
  -1.8003911287303798,
  -0.6921045502905943,
  -0.263835333545388,
  -0.03136639708692103,
  -0.01153843811140542,
  0.0034023732220613886,
  0.007179339111540512,
  0.006241297006353017,
  0.004817011549308621,
  0.003556961599007768,
  0.0028559568266531116,
  0.002527304343294436,
  0.0017067874261860077,
  0.0013662998137252125,
  0.0010683858538018285,
  0.0005909638143855361,
  0.0004612608140849743,
  0.00025958640821177744,
  6.444796549197581e-05
 ],
 "sigma2": 0.0021108579920854154,
 "sigma2p": 0.00015901155573278498,
 "sigma2pp": 1.5576734504006592e-05,
 "sigma2ppp": 1.5620587886208964e-06,
 "worst_series_resid": 1.3170890159947034e-09
}

CONTROLS (real scalar): sigma_2=2.110857992e-03 vs 1/(48pi^2)=2.110857993e-03 ratio 1.0000000
  sigma_2'=1.5901156e-04 vs (5+pi^2)/(960pi^4)=1.5901156e-04 ratio 1.000000
  sigma_2''=1.5576735e-05 vs Helmes/2=1.5576738e-05 ratio 1.000000
  sigma_2'''=1.5620588e-06 vs Helmes/2=1.5620631e-06 ratio 0.999997
  s_2(  5.000 deg) = -3.424702e+03
  s_2( 10.000 deg) = -8.851499e+02
  s_2( 15.000 deg) = -2.779070e+02
  s_2( 20.000 deg) = -9.478713e+01
  s_2( 26.565 deg) = -2.473297e+01   [HHCWM16 alpha=2 complex/2: 4.40500e-02  ratio -561.4749]
  s_2( 30.000 deg) = -1.249934e+01
  s_2( 40.000 deg) = -1.800391e+00
  s_2( 45.000 deg) = -6.921046e-01   [HHCWM16 alpha=2 complex/2: 2.26500e-02  ratio -30.5565]
  s_2( 50.000 deg) = -2.638353e-01
  s_2( 60.000 deg) = -3.136640e-02
  s_2( 63.435 deg) = -1.153844e-02   [HHCWM16 alpha=2 complex/2: 1.33500e-02  ratio -0.8643]
  s_2( 70.000 deg) = 3.402373e-03
  s_2( 80.000 deg) = 7.179339e-03
  s_2( 90.000 deg) = 6.241297e-03   [HHCWM16 alpha=2 complex/2: 6.50000e-03  ratio 0.9602]
  s_2(100.000 deg) = 4.817012e-03
  s_2(110.000 deg) = 3.556962e-03
  s_2(116.565 deg) = 2.855957e-03   [HHCWM16 alpha=2 complex/2: 2.86000e-03  ratio 0.9986]
  s_2(120.000 deg) = 2.527304e-03
  s_2(130.000 deg) = 1.706787e-03
  s_2(135.000 deg) = 1.366300e-03   [HHCWM16 alpha=2 complex/2: 1.36500e-03  ratio 1.0010]
  s_2(140.000 deg) = 1.068386e-03
  s_2(150.000 deg) = 5.909638e-04
  s_2(153.435 deg) = 4.612608e-04   [HHCWM16 alpha=2 complex/2: 4.61500e-04  ratio 0.9995]
  s_2(160.000 deg) = 2.595864e-04
  s_2(170.000 deg) = 6.444797e-05
