{
 "mode": "renyi2",
 "nodes": 32,
 "p_max": 3.9,
 "deg": [
  5,
  10,
  15,
  20,
  26.565,
  30,
  40,
  45,
  50,
  60,
  63.435,
  70,
  80,
  90,
  100,
  110,
  116.565,
  120,
  130,
  135,
  140,
  150,
  153.435,
  160,
  170
 ],
 "s2_real_scalar": [
  -0.11853556296552387,
  0.014152054162471218,
  0.04048114717472788,
  0.04314199790849799,
  0.03806291195356898,
  0.034667136307915125,
  0.025816127998795787,
  0.02229053734614902,
  0.019308992583353383,
  0.014626138834174053,
  0.013324184320012372,
  0.011167901931445734,
  0.008536803861814839,
  0.006486571674650104,
  0.004862828898986746,
  0.003565830581532779,
  0.0028590416465193295,
  0.002529093823906446,
  0.0017071679448254714,
  0.0013664794857960684,
  0.0010684720563886097,
  0.0005909841304942498,
  0.0004612730349684524,
  0.0002595906568861725,
  6.4448366039062e-05
 ],
 "sigma2": 0.0021108577678046023,
 "sigma2p": 0.00015901111887400607,
 "sigma2pp": 1.5576155052267715e-05,
 "sigma2ppp": 1.5615682385035873e-06,
 "worst_series_resid": 6.4297364263059045e-12
}

CONTROLS (real scalar): sigma_2=2.110857768e-03 vs 1/(48pi^2)=2.110857993e-03 ratio 0.9999999
  sigma_2'=1.5901112e-04 vs (5+pi^2)/(960pi^4)=1.5901156e-04 ratio 0.999997
  sigma_2''=1.5576155e-05 vs Helmes/2=1.5576738e-05 ratio 0.999963
  sigma_2'''=1.5615682e-06 vs Helmes/2=1.5620631e-06 ratio 0.999683
  s_2(  5.000 deg) = -1.185356e-01
  s_2( 10.000 deg) = 1.415205e-02
  s_2( 15.000 deg) = 4.048115e-02
  s_2( 20.000 deg) = 4.314200e-02
  s_2( 26.565 deg) = 3.806291e-02   [HHCWM16 alpha=2 complex/2: 4.40500e-02  ratio 0.8641]
  s_2( 30.000 deg) = 3.466714e-02
  s_2( 40.000 deg) = 2.581613e-02
  s_2( 45.000 deg) = 2.229054e-02   [HHCWM16 alpha=2 complex/2: 2.26500e-02  ratio 0.9841]
  s_2( 50.000 deg) = 1.930899e-02
  s_2( 60.000 deg) = 1.462614e-02
  s_2( 63.435 deg) = 1.332418e-02   [HHCWM16 alpha=2 complex/2: 1.33500e-02  ratio 0.9981]
  s_2( 70.000 deg) = 1.116790e-02
  s_2( 80.000 deg) = 8.536804e-03
  s_2( 90.000 deg) = 6.486572e-03   [HHCWM16 alpha=2 complex/2: 6.50000e-03  ratio 0.9979]
  s_2(100.000 deg) = 4.862829e-03
  s_2(110.000 deg) = 3.565831e-03
  s_2(116.565 deg) = 2.859042e-03   [HHCWM16 alpha=2 complex/2: 2.86000e-03  ratio 0.9997]
  s_2(120.000 deg) = 2.529094e-03
  s_2(130.000 deg) = 1.707168e-03
  s_2(135.000 deg) = 1.366479e-03   [HHCWM16 alpha=2 complex/2: 1.36500e-03  ratio 1.0011]
  s_2(140.000 deg) = 1.068472e-03
  s_2(150.000 deg) = 5.909841e-04
  s_2(153.435 deg) = 4.612730e-04   [HHCWM16 alpha=2 complex/2: 4.61500e-04  ratio 0.9995]
  s_2(160.000 deg) = 2.595907e-04
  s_2(170.000 deg) = 6.444837e-05
