  p= 0.0068 M= 0.5000 H1=+2.652e-02 F(pi/2)=+3.539e-02 F(5deg)=+2.146e-01 resid=1.8e-16 ser/ode@0.3=4.8e-10 diag={'disc_neg': 0, 'root_jump': 0}  [  0.4s]
  p= 0.0360 M= 0.5013 H1=+2.639e-02 F(pi/2)=+3.522e-02 F(5deg)=+2.135e-01 resid=9.6e-17 ser/ode@0.3=6.7e-10 diag={'disc_neg': 0, 'root_jump': 0}  [  0.8s]
  p= 0.0881 M= 0.5077 H1=+2.573e-02 F(pi/2)=+3.434e-02 F(5deg)=+2.079e-01 resid=1.3e-16 ser/ode@0.3=4.6e-10 diag={'disc_neg': 0, 'root_jump': 0}  [  1.3s]
  p= 0.1627 M= 0.5258 H1=+2.392e-02 F(pi/2)=+3.196e-02 F(5deg)=+1.930e-01 resid=8.8e-17 ser/ode@0.3=3.6e-10 diag={'disc_neg': 0, 'root_jump': 0}  [  2.3s]
  p= 0.2592 M= 0.5632 H1=+2.048e-02 F(pi/2)=+2.744e-02 F(5deg)=+1.656e-01 resid=2.6e-16 ser/ode@0.3=7.0e-09 diag={'disc_neg': 0, 'root_jump': 0}  [  2.6s]
  p= 0.3766 M= 0.6259 H1=+1.557e-02 F(pi/2)=+2.105e-02 F(5deg)=+1.287e-01 resid=1.8e-16 ser/ode@0.3=1.2e-08 diag={'disc_neg': 0, 'root_jump': 0}  [  3.7s]
  p= 0.5138 M= 0.7169 H1=+1.022e-02 F(pi/2)=+1.408e-02 F(5deg)=+9.053e-02 resid=8.7e-17 ser/ode@0.3=1.8e-08 diag={'disc_neg': 0, 'root_jump': 0}  [  4.1s]
  p= 0.6695 M= 0.8356 H1=+5.701e-03 F(pi/2)=+8.162e-03 F(5deg)=+5.883e-02 resid=1.1e-15 ser/ode@0.3=8.7e-08 diag={'disc_neg': 0, 'root_jump': 0}  [  5.4s]
  p= 0.8424 M= 0.9796 H1=+2.705e-03 F(pi/2)=+4.131e-03 F(5deg)=+3.664e-02 resid=2.0e-15 ser/ode@0.3=7.9e-07 diag={'disc_neg': 0, 'root_jump': 0}  [  6.3s]
  p= 1.0307 M= 1.1456 H1=+1.105e-03 F(pi/2)=+1.862e-03 F(5deg)=+2.274e-02 resid=1.1e-15 ser/ode@0.3=1.2e-06 diag={'disc_neg': 0, 'root_jump': 0}  [  6.8s]
  p= 1.2328 M= 1.3303 H1=+3.964e-04 F(pi/2)=+7.664e-04 F(5deg)=+1.448e-02 resid=2.8e-15 ser/ode@0.3=6.7e-06 diag={'disc_neg': 0, 'root_jump': 0}  [  7.1s]
  p= 1.4466 M= 1.5306 H1=+1.274e-04 F(pi/2)=+2.955e-04 F(5deg)=+9.610e-03 resid=4.9e-14 ser/ode@0.3=4.6e-04 diag={'disc_neg': 0, 'root_jump': 0}  [  8.3s]
  p= 1.6703 M= 1.7436 H1=+3.742e-05 F(pi/2)=+1.093e-04 F(5deg)=+6.615e-03 resid=4.5e-14 ser/ode@0.3=1.8e-03 diag={'disc_neg': 0, 'root_jump': 0}  [  8.7s]
  p= 1.9018 M= 1.9664 H1=+1.024e-05 F(pi/2)=+3.958e-05 F(5deg)=+4.711e-03 resid=2.3e-14 ser/ode@0.3=5.7e-03 diag={'disc_neg': 0, 'root_jump': 0}  [  9.1s]
  p= 2.1388 M= 2.1965 H1=+2.654e-06 F(pi/2)=+1.408e-05 F(5deg)=+2.978e-03 resid=8.6e-14 ser/ode@0.3=1.2e-02 diag={'disc_neg': 0, 'root_jump': 0}  [  9.4s]
  p= 2.3792 M= 2.4312 H1=+6.633e-07 F(pi/2)=+5.088e-06 F(5deg)=+1.998e-03 resid=5.1e-12 ser/ode@0.3=1.9e-02 diag={'disc_neg': 0, 'root_jump': 0}  [  9.8s]
  p= 2.6208 M= 2.6680 H1=+1.625e-07 F(pi/2)=+2.499e-06 F(5deg)=+7.998e-03 resid=4.9e-12 ser/ode@0.3=2.3e-02 diag={'disc_neg': 0, 'root_jump': 0}  [ 10.3s]
  p= 2.8612 M= 2.9045 H1=+3.962e-08 F(pi/2)=+9.767e-07 F(5deg)=+6.948e-03 resid=1.2e-14 ser/ode@0.3=4.0e-02 diag={'disc_neg': 0, 'root_jump': 0}  [ 10.7s]
  p= 3.0982 M= 3.1383 H1=+9.767e-09 F(pi/2)=+3.468e-07 F(5deg)=+3.878e-03 resid=9.3e-15 ser/ode@0.3=2.5e-02 diag={'disc_neg': 0, 'root_jump': 0}  [ 11.2s]
  p= 3.3297 M= 3.3670 H1=+2.471e-09 F(pi/2)=+2.341e-07 F(5deg)=+1.218e-02 resid=5.0e-15 ser/ode@0.3=1.6e-01 diag={'disc_neg': 0, 'root_jump': 0}  [ 11.6s]
  p= 3.5534 M= 3.5884 H1=+6.510e-10 F(pi/2)=+1.441e-07 F(5deg)=+1.893e-02 resid=6.6e-15 ser/ode@0.3=3.3e-01 diag={'disc_neg': 0, 'root_jump': 0}  [ 12.0s]
  p= 3.7672 M= 3.8003 H1=+1.810e-10 F(pi/2)=-1.329e-07 F(5deg)=-5.771e-02 resid=1.0e-11 ser/ode@0.3=5.7e-01 diag={'disc_neg': 0, 'root_jump': 0}  [ 12.6s]
  p= 3.9693 M= 4.0007 H1=+5.385e-11 F(pi/2)=-5.972e-07 F(5deg)=-4.234e-01 resid=1.2e-14 ser/ode@0.3=4.8e+00 diag={'disc_neg': 0, 'root_jump': 0}  [ 13.0s]
  p= 4.1576 M= 4.1876 H1=+1.734e-11 F(pi/2)=-3.211e-07 F(5deg)=-4.049e-01 resid=8.5e-15 ser/ode@0.3=4.8e+00 diag={'disc_neg': 0, 'root_jump': 0}  [ 13.5s]
  p= 4.3305 M= 4.3592 H1=+6.118e-12 F(pi/2)=-6.525e-07 F(5deg)=-1.379e+00 resid=3.3e-10 ser/ode@0.3=1.8e+01 diag={'disc_neg': 0, 'root_jump': 0}  [ 13.9s]
  p= 4.4862 M= 4.5140 H1=+2.389e-12 F(pi/2)=-1.134e-06 F(5deg)=-3.843e+00 resid=1.1e-14 ser/ode@0.3=5.6e+01 diag={'disc_neg': 0, 'root_jump': 0}  [ 14.3s]
  p= 4.6234 M= 4.6504 H1=+1.042e-12 F(pi/2)=-8.425e-07 F(5deg)=-4.337e+00 resid=1.3e-09 ser/ode@0.3=5.7e+01 diag={'disc_neg': 0, 'root_jump': 0}  [ 14.7s]
  p= 4.7408 M= 4.7671 H1=+5.125e-13 F(pi/2)=-1.427e-06 F(5deg)=-1.050e+01 resid=5.5e-10 ser/ode@0.3=1.1e+03 diag={'disc_neg': 0, 'root_jump': 0}  [ 15.0s]
  p= 4.8373 M= 4.8630 H1=+2.860e-13 F(pi/2)=-1.786e-06 F(5deg)=-1.760e+01 resid=1.4e-14 ser/ode@0.3=1.2e+03 diag={'disc_neg': 0, 'root_jump': 0}  [ 15.4s]
  p= 4.9119 M= 4.9373 H1=+1.819e-13 F(pi/2)=-1.290e-06 F(5deg)=-1.596e+01 resid=1.5e-14 ser/ode@0.3=8.7e+02 diag={'disc_neg': 0, 'root_jump': 0}  [ 15.9s]
  p= 4.9640 M= 4.9891 H1=+1.326e-13 F(pi/2)=-4.216e-05 F(5deg)=-6.108e+02 resid=4.3e-14 ser/ode@0.3=9.6e+02 diag={'disc_neg': 0, 'root_jump': 0}  [ 16.3s]
  p= 4.9932 M= 5.0181 H1=+1.106e-13 F(pi/2)=-1.423e-04 F(5deg)=-2.252e+03 resid=1.9e-14 ser/ode@0.3=3.6e+03 diag={'disc_neg': 0, 'root_jump': 0}  [ 16.7s]
