  p= 0.0053 M= 0.5000 H1=+2.652e-02 F(pi/2)=+3.539e-02 F(5deg)=+2.146e-01 resid=5.6e-17 ser/ode@0.3=5.3e-10 diag={'disc_neg': 0, 'root_jump': 0}  [  0.4s]
  p= 0.0281 M= 0.5008 H1=+2.644e-02 F(pi/2)=+3.529e-02 F(5deg)=+2.139e-01 resid=3.3e-17 ser/ode@0.3=5.1e-10 diag={'disc_neg': 0, 'root_jump': 0}  [  1.1s]
  p= 0.0687 M= 0.5047 H1=+2.604e-02 F(pi/2)=+3.475e-02 F(5deg)=+2.105e-01 resid=4.1e-17 ser/ode@0.3=4.6e-10 diag={'disc_neg': 0, 'root_jump': 0}  [  1.6s]
  p= 0.1269 M= 0.5159 H1=+2.490e-02 F(pi/2)=+3.325e-02 F(5deg)=+2.010e-01 resid=4.0e-17 ser/ode@0.3=4.5e-10 diag={'disc_neg': 0, 'root_jump': 0}  [  1.9s]
  p= 0.2022 M= 0.5393 H1=+2.263e-02 F(pi/2)=+3.026e-02 F(5deg)=+1.826e-01 resid=2.9e-17 ser/ode@0.3=7.5e-10 diag={'disc_neg': 0, 'root_jump': 0}  [  2.3s]
  p= 0.2937 M= 0.5799 H1=+1.907e-02 F(pi/2)=+2.560e-02 F(5deg)=+1.548e-01 resid=1.7e-16 ser/ode@0.3=1.0e-08 diag={'disc_neg': 0, 'root_jump': 0}  [  2.9s]
  p= 0.4008 M= 0.6408 H1=+1.457e-02 F(pi/2)=+1.974e-02 F(5deg)=+1.214e-01 resid=5.2e-17 ser/ode@0.3=1.3e-08 diag={'disc_neg': 0, 'root_jump': 0}  [  3.8s]
  p= 0.5222 M= 0.7230 H1=+9.928e-03 F(pi/2)=+1.370e-02 F(5deg)=+8.848e-02 resid=1.9e-16 ser/ode@0.3=2.8e-08 diag={'disc_neg': 0, 'root_jump': 0}  [  4.2s]
  p= 0.6571 M= 0.8257 H1=+5.995e-03 F(pi/2)=+8.550e-03 F(5deg)=+6.091e-02 resid=1.7e-16 ser/ode@0.3=4.9e-08 diag={'disc_neg': 0, 'root_jump': 0}  [  4.7s]
  p= 0.8040 M= 0.9468 H1=+3.216e-03 F(pi/2)=+4.831e-03 F(5deg)=+4.062e-02 resid=3.1e-16 ser/ode@0.3=1.0e-07 diag={'disc_neg': 0, 'root_jump': 0}  [  5.9s]
  p= 0.9615 M= 1.0838 H1=+1.548e-03 F(pi/2)=+2.507e-03 F(5deg)=+2.693e-02 resid=8.4e-16 ser/ode@0.3=1.7e-07 diag={'disc_neg': 0, 'root_jump': 0}  [  7.1s]
  p= 1.1284 M= 1.2342 H1=+6.780e-04 F(pi/2)=+1.216e-03 F(5deg)=+1.814e-02 resid=1.6e-16 ser/ode@0.3=1.1e-06 diag={'disc_neg': 0, 'root_jump': 0}  [  7.9s]
  p= 1.3029 M= 1.3955 H1=+2.746e-04 F(pi/2)=+5.611e-04 F(5deg)=+1.257e-02 resid=6.2e-16 ser/ode@0.3=1.9e-06 diag={'disc_neg': 0, 'root_jump': 0}  [  9.0s]
  p= 1.4834 M= 1.5654 H1=+1.044e-04 F(pi/2)=+2.508e-04 F(5deg)=+9.012e-03 resid=2.8e-16 ser/ode@0.3=3.2e-06 diag={'disc_neg': 0, 'root_jump': 0}  [ 10.1s]
  p= 1.6683 M= 1.7416 H1=+3.785e-05 F(pi/2)=+1.103e-04 F(5deg)=+6.677e-03 resid=7.2e-16 ser/ode@0.3=6.0e-06 diag={'disc_neg': 0, 'root_jump': 0}  [ 11.2s]
  p= 1.8558 M= 1.9220 H1=+1.327e-05 F(pi/2)=+4.843e-05 F(5deg)=+5.095e-03 resid=2.1e-15 ser/ode@0.3=1.0e-05 diag={'disc_neg': 0, 'root_jump': 0}  [ 12.5s]
  p= 2.0442 M= 2.1045 H1=+4.559e-06 F(pi/2)=+2.145e-05 F(5deg)=+3.989e-03 resid=1.4e-15 ser/ode@0.3=2.4e-04 diag={'disc_neg': 0, 'root_jump': 0}  [ 13.0s]
  p= 2.2317 M= 2.2870 H1=+1.556e-06 F(pi/2)=+9.681e-06 F(5deg)=+3.194e-03 resid=9.9e-16 ser/ode@0.3=3.6e-04 diag={'disc_neg': 0, 'root_jump': 0}  [ 13.5s]
  p= 2.4166 M= 2.4678 H1=+5.340e-07 F(pi/2)=+4.479e-06 F(5deg)=+2.588e-03 resid=1.3e-15 ser/ode@0.3=8.0e-04 diag={'disc_neg': 0, 'root_jump': 0}  [ 13.9s]
  p= 2.5971 M= 2.6448 H1=+1.865e-07 F(pi/2)=+2.141e-06 F(5deg)=+2.153e-03 resid=4.5e-15 ser/ode@0.3=6.0e-04 diag={'disc_neg': 0, 'root_jump': 0}  [ 14.4s]
  p= 2.7716 M= 2.8164 H1=+6.709e-08 F(pi/2)=+1.060e-06 F(5deg)=+1.793e-03 resid=1.4e-12 ser/ode@0.3=7.9e-04 diag={'disc_neg': 0, 'root_jump': 0}  [ 14.8s]
  p= 2.9385 M= 2.9807 H1=+2.512e-08 F(pi/2)=+5.426e-07 F(5deg)=+1.396e-03 resid=3.1e-15 ser/ode@0.3=1.6e-03 diag={'disc_neg': 0, 'root_jump': 0}  [ 15.6s]
  p= 3.0960 M= 3.1362 H1=+9.893e-09 F(pi/2)=+2.972e-07 F(5deg)=+1.410e-03 resid=1.8e-15 ser/ode@0.3=1.0e-03 diag={'disc_neg': 0, 'root_jump': 0}  [ 16.2s]
  p= 3.2429 M= 3.2813 H1=+4.139e-09 F(pi/2)=+1.338e-07 F(5deg)=-1.333e-03 resid=4.5e-15 ser/ode@0.3=2.3e-02 diag={'disc_neg': 0, 'root_jump': 0}  [ 16.7s]
  p= 3.3778 M= 3.4146 H1=+1.856e-09 F(pi/2)=+6.975e-08 F(5deg)=-2.362e-03 resid=7.7e-16 ser/ode@0.3=3.5e-02 diag={'disc_neg': 0, 'root_jump': 0}  [ 17.4s]
  p= 3.4992 M= 3.5348 H1=+8.995e-10 F(pi/2)=+4.028e-08 F(5deg)=-2.787e-03 resid=6.4e-12 ser/ode@0.3=4.2e-02 diag={'disc_neg': 0, 'root_jump': 0}  [ 17.8s]
  p= 3.6063 M= 3.6408 H1=+4.746e-10 F(pi/2)=+4.891e-08 F(5deg)=+2.434e-03 resid=6.8e-15 ser/ode@0.3=7.2e-02 diag={'disc_neg': 0, 'root_jump': 0}  [ 18.1s]
  p= 3.6978 M= 3.7315 H1=+2.744e-10 F(pi/2)=+1.878e-08 F(5deg)=-2.542e-03 resid=3.4e-12 ser/ode@0.3=3.6e-01 diag={'disc_neg': 0, 'root_jump': 0}  [ 18.5s]
  p= 3.7731 M= 3.8061 H1=+1.748e-10 F(pi/2)=-1.666e-08 F(5deg)=-1.420e-02 resid=6.0e-15 ser/ode@0.3=5.0e-01 diag={'disc_neg': 0, 'root_jump': 0}  [ 18.9s]
  p= 3.8313 M= 3.8638 H1=+1.233e-10 F(pi/2)=-1.263e-07 F(5deg)=-6.521e-02 resid=4.6e-15 ser/ode@0.3=1.0e+00 diag={'disc_neg': 0, 'root_jump': 0}  [ 19.3s]
  p= 3.8719 M= 3.9041 H1=+9.663e-11 F(pi/2)=-9.225e-08 F(5deg)=-5.509e-02 resid=1.6e-15 ser/ode@0.3=9.8e-01 diag={'disc_neg': 0, 'root_jump': 0}  [ 19.7s]
  p= 3.8947 M= 3.9266 H1=+8.431e-11 F(pi/2)=-1.460e-07 F(5deg)=-8.826e-02 resid=2.0e-15 ser/ode@0.3=1.2e+00 diag={'disc_neg': 0, 'root_jump': 0}  [ 20.1s]
