{
 "mode": "renyi2",
 "nodes": 48,
 "p_max": 3.5,
 "deg": [
  5,
  10,
  15,
  20,
  26.565,
  30,
  40,
  45,
  50,
  60,
  63.435,
  70,
  80,
  90,
  100,
  110,
  116.565,
  120,
  130,
  135,
  140,
  150,
  153.435,
  160,
  170
 ],
 "s2_real_scalar": [
  0.14367328519549113,
  0.09719771160141621,
  0.07238211096040424,
  0.05646562354095404,
  0.042607274493039166,
  0.037312630015614634,
  0.0263978325163899,
  0.02257081679091835,
  0.019446137445301895,
  0.01466040608016515,
  0.013345736971644932,
  0.011176948574401555,
  0.008539332075914329,
  0.006487323409258694,
  0.004863068301485855,
  0.003565912661712796,
  0.002859083938397364,
  0.002529124056806096,
  0.0017071796977707252,
  0.0013664868716703673,
  0.0010684766707007576,
  0.0005909858021224411,
  0.00046127415768023146,
  0.0002595911082338765,
  6.4448397244767e-05
 ],
 "sigma2": 0.002110855976530291,
 "sigma2p": 0.00015900837093225508,
 "sigma2pp": 1.5573287692381783e-05,
 "sigma2ppp": 1.559663249654325e-06,
 "worst_series_resid": 5.94960569223051e-15
}

CONTROLS (real scalar): sigma_2=2.110855977e-03 vs 1/(48pi^2)=2.110857993e-03 ratio 0.9999990
  sigma_2'=1.5900837e-04 vs (5+pi^2)/(960pi^4)=1.5901156e-04 ratio 0.999980
  sigma_2''=1.5573288e-05 vs Helmes/2=1.5576738e-05 ratio 0.999779
  sigma_2'''=1.5596632e-06 vs Helmes/2=1.5620631e-06 ratio 0.998464
  s_2(  5.000 deg) = 1.436733e-01
  s_2( 10.000 deg) = 9.719771e-02
  s_2( 15.000 deg) = 7.238211e-02
  s_2( 20.000 deg) = 5.646562e-02
  s_2( 26.565 deg) = 4.260727e-02   [HHCWM16 alpha=2 complex/2: 4.40500e-02  ratio 0.9672]
  s_2( 30.000 deg) = 3.731263e-02
  s_2( 40.000 deg) = 2.639783e-02
  s_2( 45.000 deg) = 2.257082e-02   [HHCWM16 alpha=2 complex/2: 2.26500e-02  ratio 0.9965]
  s_2( 50.000 deg) = 1.944614e-02
  s_2( 60.000 deg) = 1.466041e-02
  s_2( 63.435 deg) = 1.334574e-02   [HHCWM16 alpha=2 complex/2: 1.33500e-02  ratio 0.9997]
  s_2( 70.000 deg) = 1.117695e-02
  s_2( 80.000 deg) = 8.539332e-03
  s_2( 90.000 deg) = 6.487323e-03   [HHCWM16 alpha=2 complex/2: 6.50000e-03  ratio 0.9980]
  s_2(100.000 deg) = 4.863068e-03
  s_2(110.000 deg) = 3.565913e-03
  s_2(116.565 deg) = 2.859084e-03   [HHCWM16 alpha=2 complex/2: 2.86000e-03  ratio 0.9997]
  s_2(120.000 deg) = 2.529124e-03
  s_2(130.000 deg) = 1.707180e-03
  s_2(135.000 deg) = 1.366487e-03   [HHCWM16 alpha=2 complex/2: 1.36500e-03  ratio 1.0011]
  s_2(140.000 deg) = 1.068477e-03
  s_2(150.000 deg) = 5.909858e-04
  s_2(153.435 deg) = 4.612742e-04   [HHCWM16 alpha=2 complex/2: 4.61500e-04  ratio 0.9995]
  s_2(160.000 deg) = 2.595911e-04
  s_2(170.000 deg) = 6.444840e-05
