  p= 0.0018 M= 0.5000 H1=+2.653e-02 F(pi/2)=+3.540e-02 F(5deg)=+2.146e-01 resid=1.4e-16 ser/ode@0.3=9.5e-05 diag={'disc_neg': 0, 'root_jump': 0}  [  0.2s]
  p= 0.0097 M= 0.5001 H1=+2.652e-02 F(pi/2)=+3.539e-02 F(5deg)=+2.145e-01 resid=1.4e-16 ser/ode@0.3=1.3e-04 diag={'disc_neg': 0, 'root_jump': 0}  [  0.4s]
  p= 0.0238 M= 0.5006 H1=+2.647e-02 F(pi/2)=+3.532e-02 F(5deg)=+2.141e-01 resid=2.4e-16 ser/ode@0.3=1.9e-04 diag={'disc_neg': 0, 'root_jump': 0}  [  0.7s]
  p= 0.0441 M= 0.5019 H1=+2.632e-02 F(pi/2)=+3.513e-02 F(5deg)=+2.129e-01 resid=1.4e-16 ser/ode@0.3=1.9e-04 diag={'disc_neg': 0, 'root_jump': 0}  [  1.1s]
  p= 0.0705 M= 0.5049 H1=+2.601e-02 F(pi/2)=+3.472e-02 F(5deg)=+2.103e-01 resid=5.4e-17 ser/ode@0.3=1.3e-04 diag={'disc_neg': 0, 'root_jump': 0}  [  1.4s]
  p= 0.1029 M= 0.5105 H1=+2.544e-02 F(pi/2)=+3.397e-02 F(5deg)=+2.055e-01 resid=1.5e-16 ser/ode@0.3=1.4e-04 diag={'disc_neg': 0, 'root_jump': 0}  [  1.9s]
  p= 0.1412 M= 0.5195 H1=+2.453e-02 F(pi/2)=+3.277e-02 F(5deg)=+1.980e-01 resid=1.2e-16 ser/ode@0.3=1.5e-04 diag={'disc_neg': 0, 'root_jump': 0}  [  2.6s]
  p= 0.1851 M= 0.5332 H1=+2.321e-02 F(pi/2)=+3.102e-02 F(5deg)=+1.872e-01 resid=1.4e-16 ser/ode@0.3=1.6e-04 diag={'disc_neg': 0, 'root_jump': 0}  [  2.8s]
  p= 0.2346 M= 0.5523 H1=+2.144e-02 F(pi/2)=+2.870e-02 F(5deg)=+1.731e-01 resid=1.3e-16 ser/ode@0.3=1.8e-04 diag={'disc_neg': 0, 'root_jump': 0}  [  3.3s]
  p= 0.2894 M= 0.5777 H1=+1.925e-02 F(pi/2)=+2.583e-02 F(5deg)=+1.562e-01 resid=9.5e-17 ser/ode@0.3=2.0e-04 diag={'disc_neg': 0, 'root_jump': 0}  [  3.9s]
  p= 0.3493 M= 0.6099 H1=+1.673e-02 F(pi/2)=+2.255e-02 F(5deg)=+1.372e-01 resid=1.2e-16 ser/ode@0.3=7.6e-05 diag={'disc_neg': 0, 'root_jump': 0}  [  4.2s]
  p= 0.4139 M= 0.6491 H1=+1.403e-02 F(pi/2)=+1.903e-02 F(5deg)=+1.175e-01 resid=4.9e-17 ser/ode@0.3=7.9e-05 diag={'disc_neg': 0, 'root_jump': 0}  [  4.7s]
  p= 0.4832 M= 0.6953 H1=+1.132e-02 F(pi/2)=+1.552e-02 F(5deg)=+9.827e-02 resid=6.3e-17 ser/ode@0.3=1.1e-04 diag={'disc_neg': 0, 'root_jump': 0}  [  5.4s]
  p= 0.5567 M= 0.7483 H1=+8.790e-03 F(pi/2)=+1.222e-02 F(5deg)=+8.052e-02 resid=8.7e-17 ser/ode@0.3=1.1e-04 diag={'disc_neg': 0, 'root_jump': 0}  [  6.2s]
  p= 0.6342 M= 0.8076 H1=+6.564e-03 F(pi/2)=+9.301e-03 F(5deg)=+6.493e-02 resid=2.0e-16 ser/ode@0.3=2.0e-04 diag={'disc_neg': 0, 'root_jump': 0}  [  6.4s]
  p= 0.7153 M= 0.8727 H1=+4.721e-03 F(pi/2)=+6.860e-03 F(5deg)=+5.180e-02 resid=2.9e-16 ser/ode@0.3=3.6e-04 diag={'disc_neg': 0, 'root_jump': 0}  [  6.7s]
  p= 0.7996 M= 0.9431 H1=+3.278e-03 F(pi/2)=+4.916e-03 F(5deg)=+4.110e-02 resid=9.6e-17 ser/ode@0.3=4.9e-04 diag={'disc_neg': 0, 'root_jump': 0}  [  7.0s]
  p= 0.8870 M= 1.0182 H1=+2.203e-03 F(pi/2)=+3.435e-03 F(5deg)=+3.258e-02 resid=6.6e-16 ser/ode@0.3=1.1e-03 diag={'disc_neg': 0, 'root_jump': 0}  [  7.9s]
  p= 0.9769 M= 1.0974 H1=+1.438e-03 F(pi/2)=+2.348e-03 F(5deg)=+2.592e-02 resid=7.0e-16 ser/ode@0.3=1.4e-03 diag={'disc_neg': 0, 'root_jump': 0}  [  8.0s]
  p= 1.0690 M= 1.1801 H1=+9.143e-04 F(pi/2)=+1.577e-03 F(5deg)=+2.077e-02 resid=8.1e-16 ser/ode@0.3=1.3e-03 diag={'disc_neg': 0, 'root_jump': 0}  [  8.8s]
  p= 1.1629 M= 1.2658 H1=+5.687e-04 F(pi/2)=+1.044e-03 F(5deg)=+1.681e-02 resid=2.7e-16 ser/ode@0.3=5.3e-04 diag={'disc_neg': 0, 'root_jump': 0}  [  9.2s]
  p= 1.2582 M= 1.3539 H1=+3.472e-04 F(pi/2)=+6.845e-04 F(5deg)=+1.375e-02 resid=3.7e-16 ser/ode@0.3=6.0e-04 diag={'disc_neg': 0, 'root_jump': 0}  [  9.8s]
  p= 1.3545 M= 1.4438 H1=+2.088e-04 F(pi/2)=+4.457e-04 F(5deg)=+1.138e-02 resid=3.9e-16 ser/ode@0.3=8.8e-03 diag={'disc_neg': 0, 'root_jump': 0}  [ 10.6s]
  p= 1.4514 M= 1.5351 H1=+1.241e-04 F(pi/2)=+2.892e-04 F(5deg)=+9.531e-03 resid=6.2e-16 ser/ode@0.3=1.4e-02 diag={'disc_neg': 0, 'root_jump': 0}  [ 11.4s]
  p= 1.5486 M= 1.6273 H1=+7.319e-05 F(pi/2)=+1.876e-04 F(5deg)=+8.076e-03 resid=5.4e-16 ser/ode@0.3=1.9e-02 diag={'disc_neg': 0, 'root_jump': 0}  [ 12.0s]
  p= 1.6455 M= 1.7198 H1=+4.294e-05 F(pi/2)=+1.220e-04 F(5deg)=+6.918e-03 resid=6.5e-16 ser/ode@0.3=2.4e-02 diag={'disc_neg': 0, 'root_jump': 0}  [ 12.6s]
  p= 1.7418 M= 1.8122 H1=+2.514e-05 F(pi/2)=+7.976e-05 F(5deg)=+5.976e-03 resid=1.1e-15 ser/ode@0.3=3.2e-02 diag={'disc_neg': 0, 'root_jump': 0}  [ 13.2s]
  p= 1.8371 M= 1.9040 H1=+1.474e-05 F(pi/2)=+5.267e-05 F(5deg)=+5.352e-03 resid=5.1e-16 ser/ode@0.3=8.7e-02 diag={'disc_neg': 0, 'root_jump': 0}  [ 13.5s]
  p= 1.9310 M= 1.9947 H1=+8.674e-06 F(pi/2)=+3.686e-05 F(5deg)=+6.944e-03 resid=6.9e-15 ser/ode@0.3=8.9e-01 diag={'disc_neg': 0, 'root_jump': 0}  [ 14.1s]
  p= 2.0231 M= 2.0840 H1=+5.141e-06 F(pi/2)=+2.231e-06 F(5deg)=-3.044e-02 resid=8.2e-16 ser/ode@0.3=9.0e-01 diag={'disc_neg': 0, 'root_jump': 0}  [ 14.3s]
  p= 2.1130 M= 2.1714 H1=+3.077e-06 F(pi/2)=-5.562e-05 F(5deg)=-1.508e-01 resid=2.7e-15 ser/ode@0.3=1.1e+00 diag={'disc_neg': 0, 'root_jump': 0}  [ 14.5s]
  p= 2.2004 M= 2.2564 H1=+1.864e-06 F(pi/2)=-3.609e-04 F(5deg)=-1.053e+00 resid=2.9e-15 ser/ode@0.3=1.1e+00 diag={'disc_neg': 0, 'root_jump': 0}  [ 14.8s]
  p= 2.2847 M= 2.3388 H1=+1.146e-06 F(pi/2)=-1.325e-03 F(5deg)=-4.935e+00 resid=2.3e-15 ser/ode@0.3=5.7e-01 diag={'disc_neg': 0, 'root_jump': 0}  [ 15.0s]
  p= 2.3658 M= 2.4181 H1=+7.169e-07 F(pi/2)=+1.868e-03 F(5deg)=+8.917e+00 resid=2.7e-15 ser/ode@0.3=1.6e+00 diag={'disc_neg': 0, 'root_jump': 0}  [ 15.2s]
  p= 2.4433 M= 2.4939 H1=+4.573e-07 F(pi/2)=+2.590e-03 F(5deg)=+1.580e+01 resid=2.6e-15 ser/ode@0.3=2.0e+00 diag={'disc_neg': 0, 'root_jump': 0}  [ 15.4s]
  p= 2.5168 M= 2.5660 H1=+2.981e-07 F(pi/2)=+3.585e-03 F(5deg)=+2.759e+01 resid=1.2e-12 ser/ode@0.3=8.7e-01 diag={'disc_neg': 0, 'root_jump': 0}  [ 16.0s]
  p= 2.5861 M= 2.6339 H1=+1.990e-07 F(pi/2)=+8.604e-03 F(5deg)=+8.236e+01 resid=4.0e-15 ser/ode@0.3=5.4e+00 diag={'disc_neg': 0, 'root_jump': 0}  [ 16.3s]
  p= 2.6507 M= 2.6975 H1=+1.363e-07 F(pi/2)=+1.028e-02 F(5deg)=+1.206e+02 resid=2.9e-15 ser/ode@0.3=5.8e+00 diag={'disc_neg': 0, 'root_jump': 0}  [ 16.7s]
  p= 2.7106 M= 2.7563 H1=+9.600e-08 F(pi/2)=+1.137e-02 F(5deg)=+1.609e+02 resid=2.6e-15 ser/ode@0.3=4.5e+00 diag={'disc_neg': 0, 'root_jump': 0}  [ 17.0s]
  p= 2.7654 M= 2.8102 H1=+6.960e-08 F(pi/2)=+1.700e-02 F(5deg)=+2.856e+02 resid=7.0e-15 ser/ode@0.3=1.6e+00 diag={'disc_neg': 0, 'root_jump': 0}  [ 17.2s]
  p= 2.8149 M= 2.8589 H1=+5.203e-08 F(pi/2)=+1.754e-02 F(5deg)=+3.441e+02 resid=6.7e-16 ser/ode@0.3=1.5e+00 diag={'disc_neg': 0, 'root_jump': 0}  [ 17.6s]
  p= 2.8588 M= 2.9022 H1=+4.017e-08 F(pi/2)=+2.328e-02 F(5deg)=+5.239e+02 resid=2.2e-15 ser/ode@0.3=2.0e+00 diag={'disc_neg': 0, 'root_jump': 0}  [ 17.8s]
  p= 2.8971 M= 2.9399 H1=+3.206e-08 F(pi/2)=+2.014e-02 F(5deg)=+5.109e+02 resid=7.1e-15 ser/ode@0.3=6.8e-01 diag={'disc_neg': 0, 'root_jump': 0}  [ 18.0s]
  p= 2.9295 M= 2.9718 H1=+2.649e-08 F(pi/2)=-1.694e-02 F(5deg)=-4.754e+02 resid=6.2e-15 ser/ode@0.3=8.1e+00 diag={'disc_neg': 0, 'root_jump': 0}  [ 18.2s]
  p= 2.9559 M= 2.9979 H1=+2.266e-08 F(pi/2)=-1.719e-02 F(5deg)=-5.239e+02 resid=3.7e-15 ser/ode@0.3=7.9e+00 diag={'disc_neg': 0, 'root_jump': 0}  [ 18.4s]
  p= 2.9762 M= 3.0179 H1=+2.010e-08 F(pi/2)=-3.422e-02 F(5deg)=-1.111e+03 resid=5.1e-15 ser/ode@0.3=5.9e+00 diag={'disc_neg': 0, 'root_jump': 0}  [ 18.7s]
  p= 2.9903 M= 3.0318 H1=+1.850e-08 F(pi/2)=-4.032e-02 F(5deg)=-1.368e+03 resid=8.2e-14 ser/ode@0.3=4.4e+00 diag={'disc_neg': 0, 'root_jump': 0}  [ 19.1s]
  p= 2.9982 M= 3.0396 H1=+1.766e-08 F(pi/2)=-7.031e-02 F(5deg)=-2.445e+03 resid=7.4e-15 ser/ode@0.3=6.7e+00 diag={'disc_neg': 0, 'root_jump': 0}  [ 19.4s]
