{
 "mode": "renyi2",
 "nodes": 48,
 "p_max": 3.0,
 "deg": [
  5,
  10,
  15,
  20,
  26.565,
  30,
  40,
  45,
  50,
  60,
  63.435,
  70,
  80,
  90,
  100,
  110,
  116.565,
  120,
  130,
  135,
  140,
  150,
  153.435,
  160,
  170
 ],
 "s2_real_scalar": [
  225.70916613734448,
  104.20312637472809,
  56.00757457025546,
  31.986689339035106,
  16.050464119642676,
  11.332532977585323,
  4.247917917115894,
  2.6367964597601423,
  1.6495708010188996,
  0.6604051998744149,
  0.4857175714732511,
  0.2730551222108897,
  0.11726267722315481,
  0.052721629468301924,
  0.024995453032218243,
  0.012514113358817303,
  0.008151089380646086,
  0.006551359013921605,
  0.0034987264903502116,
  0.002544375257217925,
  0.0018274433385903773,
  0.0008717786044961579,
  0.0006488015794585047,
  0.0003325043430300337,
  6.912625285283587e-05
 ],
 "sigma2": 0.002110828356983908,
 "sigma2p": 0.00015897675184863095,
 "sigma2pp": 1.5548461824465278e-05,
 "sigma2ppp": 1.547159297155528e-06,
 "worst_series_resid": 1.1759712757284099e-12
}

CONTROLS (real scalar): sigma_2=2.110828357e-03 vs 1/(48pi^2)=2.110857993e-03 ratio 0.9999860
  sigma_2'=1.5897675e-04 vs (5+pi^2)/(960pi^4)=1.5901156e-04 ratio 0.999781
  sigma_2''=1.5548462e-05 vs Helmes/2=1.5576738e-05 ratio 0.998185
  sigma_2'''=1.5471593e-06 vs Helmes/2=1.5620631e-06 ratio 0.990459
  s_2(  5.000 deg) = 2.257092e+02
  s_2( 10.000 deg) = 1.042031e+02
  s_2( 15.000 deg) = 5.600757e+01
  s_2( 20.000 deg) = 3.198669e+01
  s_2( 26.565 deg) = 1.605046e+01   [HHCWM16 alpha=2 complex/2: 4.40500e-02  ratio 364.3692]
  s_2( 30.000 deg) = 1.133253e+01
  s_2( 40.000 deg) = 4.247918e+00
  s_2( 45.000 deg) = 2.636796e+00   [HHCWM16 alpha=2 complex/2: 2.26500e-02  ratio 116.4149]
  s_2( 50.000 deg) = 1.649571e+00
  s_2( 60.000 deg) = 6.604052e-01
  s_2( 63.435 deg) = 4.857176e-01   [HHCWM16 alpha=2 complex/2: 1.33500e-02  ratio 36.3833]
  s_2( 70.000 deg) = 2.730551e-01
  s_2( 80.000 deg) = 1.172627e-01
  s_2( 90.000 deg) = 5.272163e-02   [HHCWM16 alpha=2 complex/2: 6.50000e-03  ratio 8.1110]
  s_2(100.000 deg) = 2.499545e-02
  s_2(110.000 deg) = 1.251411e-02
  s_2(116.565 deg) = 8.151089e-03   [HHCWM16 alpha=2 complex/2: 2.86000e-03  ratio 2.8500]
  s_2(120.000 deg) = 6.551359e-03
  s_2(130.000 deg) = 3.498726e-03
  s_2(135.000 deg) = 2.544375e-03   [HHCWM16 alpha=2 complex/2: 1.36500e-03  ratio 1.8640]
  s_2(140.000 deg) = 1.827443e-03
  s_2(150.000 deg) = 8.717786e-04
  s_2(153.435 deg) = 6.488016e-04   [HHCWM16 alpha=2 complex/2: 4.61500e-04  ratio 1.4059]
  s_2(160.000 deg) = 3.325043e-04
  s_2(170.000 deg) = 6.912625e-05
