{
 "mode": "renyi2",
 "nodes": 48,
 "p_max": 3.9,
 "deg": [
  5,
  10,
  15,
  20,
  26.565,
  30,
  40,
  45,
  50,
  60,
  63.435,
  70,
  80,
  90,
  100,
  110,
  116.565,
  120,
  130,
  135,
  140,
  150,
  153.435,
  160,
  170
 ],
 "s2_real_scalar": [
  0.40070698698293494,
  0.1804663237575474,
  0.10499462743461681,
  0.07031636759429923,
  0.04741750288517569,
  0.04013414774312111,
  0.02702663537788954,
  0.022874113143874712,
  0.019594026846536598,
  0.014696488375684455,
  0.013368105872110863,
  0.01118598255752447,
  0.008541631887683697,
  0.006487912177275037,
  0.00486321718172131,
  0.0035659485074459184,
  0.00285909710925986,
  0.002529131535701152,
  0.0017071806008279067,
  0.001366486905342304,
  0.0010684764075305031,
  0.0005909855609811278,
  0.0004612739764828327,
  0.00025959103327161066,
  6.444840689273967e-05
 ],
 "sigma2": 0.0021108577678032136,
 "sigma2p": 0.00015901111887226273,
 "sigma2pp": 1.5576155050459405e-05,
 "sigma2ppp": 1.5615682371315117e-06,
 "worst_series_resid": 1.127787265763199e-10
}

CONTROLS (real scalar): sigma_2=2.110857768e-03 vs 1/(48pi^2)=2.110857993e-03 ratio 0.9999999
  sigma_2'=1.5901112e-04 vs (5+pi^2)/(960pi^4)=1.5901156e-04 ratio 0.999997
  sigma_2''=1.5576155e-05 vs Helmes/2=1.5576738e-05 ratio 0.999963
  sigma_2'''=1.5615682e-06 vs Helmes/2=1.5620631e-06 ratio 0.999683
  s_2(  5.000 deg) = 4.007070e-01
  s_2( 10.000 deg) = 1.804663e-01
  s_2( 15.000 deg) = 1.049946e-01
  s_2( 20.000 deg) = 7.031637e-02
  s_2( 26.565 deg) = 4.741750e-02   [HHCWM16 alpha=2 complex/2: 4.40500e-02  ratio 1.0764]
  s_2( 30.000 deg) = 4.013415e-02
  s_2( 40.000 deg) = 2.702664e-02
  s_2( 45.000 deg) = 2.287411e-02   [HHCWM16 alpha=2 complex/2: 2.26500e-02  ratio 1.0099]
  s_2( 50.000 deg) = 1.959403e-02
  s_2( 60.000 deg) = 1.469649e-02
  s_2( 63.435 deg) = 1.336811e-02   [HHCWM16 alpha=2 complex/2: 1.33500e-02  ratio 1.0014]
  s_2( 70.000 deg) = 1.118598e-02
  s_2( 80.000 deg) = 8.541632e-03
  s_2( 90.000 deg) = 6.487912e-03   [HHCWM16 alpha=2 complex/2: 6.50000e-03  ratio 0.9981]
  s_2(100.000 deg) = 4.863217e-03
  s_2(110.000 deg) = 3.565949e-03
  s_2(116.565 deg) = 2.859097e-03   [HHCWM16 alpha=2 complex/2: 2.86000e-03  ratio 0.9997]
  s_2(120.000 deg) = 2.529132e-03
  s_2(130.000 deg) = 1.707181e-03
  s_2(135.000 deg) = 1.366487e-03   [HHCWM16 alpha=2 complex/2: 1.36500e-03  ratio 1.0011]
  s_2(140.000 deg) = 1.068476e-03
  s_2(150.000 deg) = 5.909856e-04
  s_2(153.435 deg) = 4.612740e-04   [HHCWM16 alpha=2 complex/2: 4.61500e-04  ratio 0.9995]
  s_2(160.000 deg) = 2.595910e-04
  s_2(170.000 deg) = 6.444841e-05
