{
 "mode": "renyi2",
 "nodes": 48,
 "p_max": 5.0,
 "deg": [
  5,
  10,
  15,
  20,
  26.565,
  30,
  40,
  45,
  50,
  60,
  63.435,
  70,
  80,
  90,
  100,
  110,
  116.565,
  120,
  130,
  135,
  140,
  150,
  153.435,
  160,
  170
 ],
 "s2_real_scalar": [
  177169.39802568062,
  48329.04184839812,
  16037.479050978782,
  5793.211937021286,
  1635.7888361632668,
  863.2414398201159,
  142.8942496306266,
  59.75969644234632,
  25.373314896517044,
  4.762095026468864,
  2.7120230070194467,
  0.9405986414439478,
  0.19753924032104758,
  0.04614922559990882,
  0.013373170950650095,
  0.005401985909539556,
  0.003521711590597302,
  0.0029138592954471706,
  0.0017792632657633637,
  0.0013945401743592268,
  0.0010776766234548202,
  0.0005904151245781634,
  0.0004603468120264054,
  0.0002589771912766301,
  6.44382902823159e-05
 ],
 "sigma2": 0.002110857992086592,
 "sigma2p": 0.0001590115557308818,
 "sigma2pp": 1.5576734495419236e-05,
 "sigma2ppp": 1.5620587744293299e-06,
 "worst_series_resid": 1.6858778100360182e-07
}

CONTROLS (real scalar): sigma_2=2.110857992e-03 vs 1/(48pi^2)=2.110857993e-03 ratio 1.0000000
  sigma_2'=1.5901156e-04 vs (5+pi^2)/(960pi^4)=1.5901156e-04 ratio 1.000000
  sigma_2''=1.5576734e-05 vs Helmes/2=1.5576738e-05 ratio 1.000000
  sigma_2'''=1.5620588e-06 vs Helmes/2=1.5620631e-06 ratio 0.999997
  s_2(  5.000 deg) = 1.771694e+05
  s_2( 10.000 deg) = 4.832904e+04
  s_2( 15.000 deg) = 1.603748e+04
  s_2( 20.000 deg) = 5.793212e+03
  s_2( 26.565 deg) = 1.635789e+03   [HHCWM16 alpha=2 complex/2: 4.40500e-02  ratio 37134.8203]
  s_2( 30.000 deg) = 8.632414e+02
  s_2( 40.000 deg) = 1.428942e+02
  s_2( 45.000 deg) = 5.975970e+01   [HHCWM16 alpha=2 complex/2: 2.26500e-02  ratio 2638.3972]
  s_2( 50.000 deg) = 2.537331e+01
  s_2( 60.000 deg) = 4.762095e+00
  s_2( 63.435 deg) = 2.712023e+00   [HHCWM16 alpha=2 complex/2: 1.33500e-02  ratio 203.1478]
  s_2( 70.000 deg) = 9.405986e-01
  s_2( 80.000 deg) = 1.975392e-01
  s_2( 90.000 deg) = 4.614923e-02   [HHCWM16 alpha=2 complex/2: 6.50000e-03  ratio 7.0999]
  s_2(100.000 deg) = 1.337317e-02
  s_2(110.000 deg) = 5.401986e-03
  s_2(116.565 deg) = 3.521712e-03   [HHCWM16 alpha=2 complex/2: 2.86000e-03  ratio 1.2314]
  s_2(120.000 deg) = 2.913859e-03
  s_2(130.000 deg) = 1.779263e-03
  s_2(135.000 deg) = 1.394540e-03   [HHCWM16 alpha=2 complex/2: 1.36500e-03  ratio 1.0216]
  s_2(140.000 deg) = 1.077677e-03
  s_2(150.000 deg) = 5.904151e-04
  s_2(153.435 deg) = 4.603468e-04   [HHCWM16 alpha=2 complex/2: 4.61500e-04  ratio 0.9975]
  s_2(160.000 deg) = 2.589772e-04
  s_2(170.000 deg) = 6.443829e-05
