  p= 0.0024 M= 0.5000 H1=+2.653e-02 F(pi/2)=+3.540e-02 F(5deg)=+2.146e-01 resid=9.3e-17 ser/ode@0.3=2.1e-09 diag={'disc_neg': 0, 'root_jump': 0}  [  0.5s]
  p= 0.0126 M= 0.5002 H1=+2.651e-02 F(pi/2)=+3.538e-02 F(5deg)=+2.145e-01 resid=4.6e-17 ser/ode@0.3=1.9e-09 diag={'disc_neg': 0, 'root_jump': 0}  [  0.9s]
  p= 0.0310 M= 0.5010 H1=+2.643e-02 F(pi/2)=+3.527e-02 F(5deg)=+2.138e-01 resid=1.1e-16 ser/ode@0.3=2.3e-09 diag={'disc_neg': 0, 'root_jump': 0}  [  1.3s]
  p= 0.0573 M= 0.5033 H1=+2.618e-02 F(pi/2)=+3.495e-02 F(5deg)=+2.117e-01 resid=4.8e-17 ser/ode@0.3=2.3e-09 diag={'disc_neg': 0, 'root_jump': 0}  [  1.6s]
  p= 0.0917 M= 0.5083 H1=+2.566e-02 F(pi/2)=+3.426e-02 F(5deg)=+2.074e-01 resid=1.1e-16 ser/ode@0.3=3.6e-09 diag={'disc_neg': 0, 'root_jump': 0}  [  2.1s]
  p= 0.1338 M= 0.5176 H1=+2.473e-02 F(pi/2)=+3.302e-02 F(5deg)=+1.996e-01 resid=8.6e-17 ser/ode@0.3=4.4e-09 diag={'disc_neg': 0, 'root_jump': 0}  [  2.5s]
  p= 0.1835 M= 0.5326 H1=+2.326e-02 F(pi/2)=+3.109e-02 F(5deg)=+1.876e-01 resid=2.2e-16 ser/ode@0.3=1.3e-08 diag={'disc_neg': 0, 'root_jump': 0}  [  3.0s]
  p= 0.2407 M= 0.5549 H1=+2.120e-02 F(pi/2)=+2.840e-02 F(5deg)=+1.713e-01 resid=1.2e-16 ser/ode@0.3=1.4e-08 diag={'disc_neg': 0, 'root_jump': 0}  [  3.4s]
  p= 0.3050 M= 0.5857 H1=+1.860e-02 F(pi/2)=+2.499e-02 F(5deg)=+1.512e-01 resid=1.1e-16 ser/ode@0.3=1.4e-08 diag={'disc_neg': 0, 'root_jump': 0}  [  3.7s]
  p= 0.3762 M= 0.6257 H1=+1.559e-02 F(pi/2)=+2.107e-02 F(5deg)=+1.289e-01 resid=1.7e-16 ser/ode@0.3=2.0e-08 diag={'disc_neg': 0, 'root_jump': 0}  [  4.1s]
  p= 0.4540 M= 0.6754 H1=+1.243e-02 F(pi/2)=+1.696e-02 F(5deg)=+1.061e-01 resid=1.7e-16 ser/ode@0.3=3.0e-08 diag={'disc_neg': 0, 'root_jump': 0}  [  4.5s]
  p= 0.5381 M= 0.7346 H1=+9.392e-03 F(pi/2)=+1.300e-02 F(5deg)=+8.473e-02 resid=2.6e-16 ser/ode@0.3=4.0e-08 diag={'disc_neg': 0, 'root_jump': 0}  [  5.2s]
  p= 0.6281 M= 0.8029 H1=+6.720e-03 F(pi/2)=+9.507e-03 F(5deg)=+6.603e-02 resid=1.6e-16 ser/ode@0.3=5.6e-08 diag={'disc_neg': 0, 'root_jump': 0}  [  6.1s]
  p= 0.7237 M= 0.8796 H1=+4.556e-03 F(pi/2)=+6.640e-03 F(5deg)=+5.061e-02 resid=3.7e-16 ser/ode@0.3=8.9e-08 diag={'disc_neg': 0, 'root_jump': 0}  [  7.3s]
  p= 0.8244 M= 0.9642 H1=+2.934e-03 F(pi/2)=+4.446e-03 F(5deg)=+3.844e-02 resid=1.3e-16 ser/ode@0.3=6.4e-08 diag={'disc_neg': 0, 'root_jump': 0}  [  7.8s]
  p= 0.9298 M= 1.0557 H1=+1.801e-03 F(pi/2)=+2.868e-03 F(5deg)=+2.917e-02 resid=6.1e-16 ser/ode@0.3=1.3e-07 diag={'disc_neg': 0, 'root_jump': 0}  [  9.1s]
  p= 1.0395 M= 1.1535 H1=+1.058e-03 F(pi/2)=+1.792e-03 F(5deg)=+2.226e-02 resid=1.8e-16 ser/ode@0.3=1.8e-07 diag={'disc_neg': 0, 'root_jump': 0}  [ 10.7s]
  p= 1.1531 M= 1.2568 H1=+5.979e-04 F(pi/2)=+1.090e-03 F(5deg)=+1.717e-02 resid=6.7e-16 ser/ode@0.3=2.5e-07 diag={'disc_neg': 0, 'root_jump': 0}  [ 11.9s]
  p= 1.2699 M= 1.3648 H1=+3.265e-04 F(pi/2)=+6.497e-04 F(5deg)=+1.342e-02 resid=1.0e-15 ser/ode@0.3=3.5e-07 diag={'disc_neg': 0, 'root_jump': 0}  [ 13.1s]
  p= 1.3896 M= 1.4769 H1=+1.731e-04 F(pi/2)=+3.810e-04 F(5deg)=+1.065e-02 resid=8.0e-16 ser/ode@0.3=5.5e-07 diag={'disc_neg': 0, 'root_jump': 0}  [ 14.5s]
  p= 1.5117 M= 1.5923 H1=+8.951e-05 F(pi/2)=+2.211e-04 F(5deg)=+8.586e-03 resid=7.6e-16 ser/ode@0.3=7.9e-07 diag={'disc_neg': 0, 'root_jump': 0}  [ 15.6s]
  p= 1.6356 M= 1.7103 H1=+4.535e-05 F(pi/2)=+1.275e-04 F(5deg)=+7.022e-03 resid=4.3e-16 ser/ode@0.3=1.1e-06 diag={'disc_neg': 0, 'root_jump': 0}  [ 16.5s]
  p= 1.7608 M= 1.8305 H1=+2.261e-05 F(pi/2)=+7.338e-05 F(5deg)=+5.821e-03 resid=1.3e-15 ser/ode@0.3=1.7e-06 diag={'disc_neg': 0, 'root_jump': 0}  [ 17.5s]
  p= 1.8869 M= 1.9520 H1=+1.114e-05 F(pi/2)=+4.230e-05 F(5deg)=+4.885e-03 resid=1.5e-15 ser/ode@0.3=1.9e-06 diag={'disc_neg': 0, 'root_jump': 0}  [ 18.7s]
  p= 2.0131 M= 2.0743 H1=+5.442e-06 F(pi/2)=+2.451e-05 F(5deg)=+4.146e-03 resid=2.8e-16 ser/ode@0.3=1.6e-06 diag={'disc_neg': 0, 'root_jump': 0}  [ 19.5s]
  p= 2.1392 M= 2.1968 H1=+2.649e-06 F(pi/2)=+1.431e-05 F(5deg)=+3.556e-03 resid=9.6e-16 ser/ode@0.3=1.3e-06 diag={'disc_neg': 0, 'root_jump': 0}  [ 20.4s]
  p= 2.2644 M= 2.3189 H1=+1.289e-06 F(pi/2)=+8.441e-06 F(5deg)=+3.079e-03 resid=3.1e-15 ser/ode@0.3=1.0e-06 diag={'disc_neg': 0, 'root_jump': 0}  [ 21.0s]
  p= 2.3883 M= 2.4401 H1=+6.294e-07 F(pi/2)=+5.039e-06 F(5deg)=+2.689e-03 resid=1.8e-15 ser/ode@0.3=4.4e-05 diag={'disc_neg': 0, 'root_jump': 0}  [ 22.0s]
  p= 2.5104 M= 2.5597 H1=+3.095e-07 F(pi/2)=+3.051e-06 F(5deg)=+2.373e-03 resid=9.8e-16 ser/ode@0.3=3.1e-04 diag={'disc_neg': 0, 'root_jump': 0}  [ 22.3s]
  p= 2.6301 M= 2.6772 H1=+1.539e-07 F(pi/2)=+1.876e-06 F(5deg)=+2.107e-03 resid=1.1e-13 ser/ode@0.3=9.7e-04 diag={'disc_neg': 0, 'root_jump': 0}  [ 22.6s]
  p= 2.7469 M= 2.7921 H1=+7.756e-08 F(pi/2)=+1.172e-06 F(5deg)=+1.867e-03 resid=2.5e-15 ser/ode@0.3=1.3e-03 diag={'disc_neg': 0, 'root_jump': 0}  [ 23.0s]
  p= 2.8605 M= 2.9038 H1=+3.978e-08 F(pi/2)=+7.527e-07 F(5deg)=+1.829e-03 resid=3.3e-15 ser/ode@0.3=2.1e-03 diag={'disc_neg': 0, 'root_jump': 0}  [ 23.4s]
  p= 2.9702 M= 3.0120 H1=+2.083e-08 F(pi/2)=+4.848e-07 F(5deg)=+1.539e-03 resid=2.4e-15 ser/ode@0.3=2.2e-03 diag={'disc_neg': 0, 'root_jump': 0}  [ 24.0s]
  p= 3.0756 M= 3.1160 H1=+1.117e-08 F(pi/2)=+3.212e-07 F(5deg)=+1.407e-03 resid=1.4e-12 ser/ode@0.3=5.4e-03 diag={'disc_neg': 0, 'root_jump': 0}  [ 24.4s]
  p= 3.1763 M= 3.2154 H1=+6.148e-09 F(pi/2)=+1.923e-07 F(5deg)=-2.271e-04 resid=6.4e-15 ser/ode@0.3=1.4e-02 diag={'disc_neg': 0, 'root_jump': 0}  [ 24.7s]
  p= 3.2719 M= 3.3098 H1=+3.486e-09 F(pi/2)=+1.624e-07 F(5deg)=+2.159e-03 resid=6.0e-12 ser/ode@0.3=9.9e-03 diag={'disc_neg': 0, 'root_jump': 0}  [ 25.2s]
  p= 3.3619 M= 3.3988 H1=+2.040e-09 F(pi/2)=+1.005e-07 F(5deg)=+4.465e-04 resid=6.1e-15 ser/ode@0.3=1.1e-02 diag={'disc_neg': 0, 'root_jump': 0}  [ 25.7s]
  p= 3.4460 M= 3.4820 H1=+1.236e-09 F(pi/2)=+4.021e-08 F(5deg)=-4.153e-03 resid=5.1e-12 ser/ode@0.3=4.7e-02 diag={'disc_neg': 0, 'root_jump': 0}  [ 26.1s]
  p= 3.5238 M= 3.5591 H1=+7.769e-10 F(pi/2)=+3.994e-08 F(5deg)=-2.170e-03 resid=2.5e-15 ser/ode@0.3=3.3e-02 diag={'disc_neg': 0, 'root_jump': 0}  [ 26.5s]
  p= 3.5950 M= 3.6296 H1=+5.077e-10 F(pi/2)=+3.851e-08 F(5deg)=-3.104e-04 resid=1.3e-13 ser/ode@0.3=1.9e-02 diag={'disc_neg': 0, 'root_jump': 0}  [ 27.0s]
  p= 3.6593 M= 3.6933 H1=+3.455e-10 F(pi/2)=+6.286e-08 F(5deg)=+8.476e-03 resid=1.3e-11 ser/ode@0.3=6.7e-02 diag={'disc_neg': 0, 'root_jump': 0}  [ 27.4s]
  p= 3.7165 M= 3.7499 H1=+2.454e-10 F(pi/2)=+9.488e-08 F(5deg)=+2.232e-02 resid=2.5e-11 ser/ode@0.3=2.0e-01 diag={'disc_neg': 0, 'root_jump': 0}  [ 27.7s]
  p= 3.7662 M= 3.7992 H1=+1.822e-10 F(pi/2)=+1.787e-07 F(5deg)=+5.893e-02 resid=5.1e-15 ser/ode@0.3=6.5e-01 diag={'disc_neg': 0, 'root_jump': 0}  [ 28.1s]
  p= 3.8083 M= 3.8410 H1=+1.415e-10 F(pi/2)=+1.933e-07 F(5deg)=+7.460e-02 resid=8.5e-15 ser/ode@0.3=9.5e-01 diag={'disc_neg': 0, 'root_jump': 0}  [ 28.5s]
  p= 3.8427 M= 3.8750 H1=+1.152e-10 F(pi/2)=+1.334e-07 F(5deg)=+5.559e-02 resid=1.1e-10 ser/ode@0.3=7.1e-01 diag={'disc_neg': 0, 'root_jump': 0}  [ 28.8s]
  p= 3.8690 M= 3.9012 H1=+9.832e-11 F(pi/2)=+1.945e-07 F(5deg)=+9.237e-02 resid=6.7e-15 ser/ode@0.3=1.1e+00 diag={'disc_neg': 0, 'root_jump': 0}  [ 29.1s]
  p= 3.8874 M= 3.9194 H1=+8.807e-11 F(pi/2)=+4.076e-08 F(5deg)=+1.483e-02 resid=6.1e-15 ser/ode@0.3=2.5e+00 diag={'disc_neg': 0, 'root_jump': 0}  [ 29.6s]
  p= 3.8976 M= 3.9295 H1=+8.283e-11 F(pi/2)=-2.382e-07 F(5deg)=-1.406e-01 resid=7.9e-15 ser/ode@0.3=5.7e+00 diag={'disc_neg': 0, 'root_jump': 0}  [ 29.9s]
