  p= 0.0031 M= 0.5000 H1=+2.652e-02 F(pi/2)=+3.540e-02 F(5deg)=+2.146e-01 resid=1.2e-16 ser/ode@0.3=6.3e-10 diag={'disc_neg': 0, 'root_jump': 0}  [  0.4s]
  p= 0.0162 M= 0.5003 H1=+2.650e-02 F(pi/2)=+3.536e-02 F(5deg)=+2.144e-01 resid=4.0e-17 ser/ode@0.3=5.2e-10 diag={'disc_neg': 0, 'root_jump': 0}  [  0.8s]
  p= 0.0397 M= 0.5016 H1=+2.636e-02 F(pi/2)=+3.518e-02 F(5deg)=+2.132e-01 resid=1.5e-17 ser/ode@0.3=3.8e-10 diag={'disc_neg': 0, 'root_jump': 0}  [  1.1s]
  p= 0.0735 M= 0.5054 H1=+2.597e-02 F(pi/2)=+3.466e-02 F(5deg)=+2.099e-01 resid=1.1e-16 ser/ode@0.3=4.0e-10 diag={'disc_neg': 0, 'root_jump': 0}  [  1.9s]
  p= 0.1175 M= 0.5136 H1=+2.513e-02 F(pi/2)=+3.355e-02 F(5deg)=+2.029e-01 resid=7.0e-17 ser/ode@0.3=2.0e-09 diag={'disc_neg': 0, 'root_jump': 0}  [  2.3s]
  p= 0.1715 M= 0.5286 H1=+2.365e-02 F(pi/2)=+3.160e-02 F(5deg)=+1.908e-01 resid=4.7e-17 ser/ode@0.3=2.0e-09 diag={'disc_neg': 0, 'root_jump': 0}  [  2.6s]
  p= 0.2353 M= 0.5526 H1=+2.141e-02 F(pi/2)=+2.867e-02 F(5deg)=+1.729e-01 resid=6.2e-17 ser/ode@0.3=1.3e-09 diag={'disc_neg': 0, 'root_jump': 0}  [  3.5s]
  p= 0.3086 M= 0.5876 H1=+1.845e-02 F(pi/2)=+2.479e-02 F(5deg)=+1.501e-01 resid=6.9e-17 ser/ode@0.3=2.7e-09 diag={'disc_neg': 0, 'root_jump': 0}  [  4.3s]
  p= 0.3910 M= 0.6347 H1=+1.497e-02 F(pi/2)=+2.026e-02 F(5deg)=+1.243e-01 resid=1.8e-16 ser/ode@0.3=1.1e-08 diag={'disc_neg': 0, 'root_jump': 0}  [  4.7s]
  p= 0.4823 M= 0.6947 H1=+1.135e-02 F(pi/2)=+1.556e-02 F(5deg)=+9.849e-02 resid=1.8e-16 ser/ode@0.3=1.6e-08 diag={'disc_neg': 0, 'root_jump': 0}  [  5.3s]
  p= 0.5821 M= 0.7674 H1=+8.009e-03 F(pi/2)=+1.120e-02 F(5deg)=+7.506e-02 resid=3.2e-16 ser/ode@0.3=1.3e-08 diag={'disc_neg': 0, 'root_jump': 0}  [  6.6s]
  p= 0.6899 M= 0.8520 H1=+5.246e-03 F(pi/2)=+7.559e-03 F(5deg)=+5.558e-02 resid=1.3e-16 ser/ode@0.3=1.8e-08 diag={'disc_neg': 0, 'root_jump': 0}  [  7.8s]
  p= 0.8053 M= 0.9479 H1=+3.196e-03 F(pi/2)=+4.805e-03 F(5deg)=+4.047e-02 resid=5.7e-16 ser/ode@0.3=1.1e-07 diag={'disc_neg': 0, 'root_jump': 0}  [  9.1s]
  p= 0.9278 M= 1.0540 H1=+1.818e-03 F(pi/2)=+2.893e-03 F(5deg)=+2.932e-02 resid=1.7e-15 ser/ode@0.3=1.4e-06 diag={'disc_neg': 0, 'root_jump': 0}  [  9.5s]
  p= 1.0569 M= 1.1692 H1=+9.706e-04 F(pi/2)=+1.662e-03 F(5deg)=+2.137e-02 resid=5.1e-15 ser/ode@0.3=5.4e-06 diag={'disc_neg': 0, 'root_jump': 0}  [ 10.0s]
  p= 1.1921 M= 1.2927 H1=+4.893e-04 F(pi/2)=+9.177e-04 F(5deg)=+1.578e-02 resid=2.9e-14 ser/ode@0.3=2.2e-04 diag={'disc_neg': 0, 'root_jump': 0}  [ 10.5s]
  p= 1.3327 M= 1.4234 H1=+2.344e-04 F(pi/2)=+4.911e-04 F(5deg)=+1.186e-02 resid=9.1e-14 ser/ode@0.3=4.7e-04 diag={'disc_neg': 0, 'root_jump': 0}  [ 11.0s]
  p= 1.4783 M= 1.5606 H1=+1.073e-04 F(pi/2)=+2.559e-04 F(5deg)=+8.889e-03 resid=1.3e-13 ser/ode@0.3=3.3e-03 diag={'disc_neg': 0, 'root_jump': 0}  [ 11.3s]
  p= 1.6281 M= 1.7032 H1=+4.727e-05 F(pi/2)=+1.280e-04 F(5deg)=+5.290e-03 resid=2.9e-13 ser/ode@0.3=9.5e-03 diag={'disc_neg': 0, 'root_jump': 0}  [ 11.7s]
  p= 1.7816 M= 1.8504 H1=+2.013e-05 F(pi/2)=+6.034e-05 F(5deg)=+5.916e-04 resid=3.4e-13 ser/ode@0.3=2.7e-02 diag={'disc_neg': 0, 'root_jump': 0}  [ 12.0s]
  p= 1.9381 M= 2.0015 H1=+8.335e-06 F(pi/2)=+2.616e-05 F(5deg)=-5.025e-03 resid=1.8e-13 ser/ode@0.3=3.4e-02 diag={'disc_neg': 0, 'root_jump': 0}  [ 12.4s]
  p= 2.0969 M= 2.1557 H1=+3.373e-06 F(pi/2)=+1.281e-05 F(5deg)=-5.099e-03 resid=3.1e-11 ser/ode@0.3=1.6e-01 diag={'disc_neg': 0, 'root_jump': 0}  [ 12.9s]
  p= 2.2575 M= 2.3122 H1=+1.341e-06 F(pi/2)=-5.915e-05 F(5deg)=-2.272e-01 resid=5.3e-13 ser/ode@0.3=1.5e+00 diag={'disc_neg': 0, 'root_jump': 0}  [ 13.4s]
  p= 2.4190 M= 2.4702 H1=+5.265e-07 F(pi/2)=-1.300e-04 F(5deg)=-7.569e-01 resid=4.3e-13 ser/ode@0.3=4.7e+00 diag={'disc_neg': 0, 'root_jump': 0}  [ 13.6s]
  p= 2.5810 M= 2.6289 H1=+2.050e-07 F(pi/2)=-1.207e-04 F(5deg)=-1.155e+00 resid=3.1e-10 ser/ode@0.3=8.2e+00 diag={'disc_neg': 0, 'root_jump': 0}  [ 14.1s]
  p= 2.7425 M= 2.7877 H1=+7.960e-08 F(pi/2)=-6.297e-05 F(5deg)=-1.000e+00 resid=3.9e-13 ser/ode@0.3=7.1e+00 diag={'disc_neg': 0, 'root_jump': 0}  [ 14.4s]
  p= 2.9031 M= 2.9458 H1=+3.095e-08 F(pi/2)=-2.169e-04 F(5deg)=-5.613e+00 resid=4.3e-13 ser/ode@0.3=7.0e+01 diag={'disc_neg': 0, 'root_jump': 0}  [ 14.8s]
  p= 3.0619 M= 3.1025 H1=+1.211e-08 F(pi/2)=-2.317e-04 F(5deg)=-9.828e+00 resid=1.7e-07 ser/ode@0.3=1.1e+02 diag={'disc_neg': 0, 'root_jump': 0}  [ 15.1s]
  p= 3.2184 M= 3.2570 H1=+4.788e-09 F(pi/2)=-2.001e-04 F(5deg)=-1.380e+01 resid=1.7e-07 ser/ode@0.3=4.5e+01 diag={'disc_neg': 0, 'root_jump': 0}  [ 15.6s]
  p= 3.3719 M= 3.4088 H1=+1.922e-09 F(pi/2)=-8.159e-05 F(5deg)=-9.054e+00 resid=9.4e-13 ser/ode@0.3=5.1e+01 diag={'disc_neg': 0, 'root_jump': 0}  [ 15.9s]
  p= 3.5217 M= 3.5570 H1=+7.865e-10 F(pi/2)=-1.896e-04 F(5deg)=-3.340e+01 resid=6.2e-13 ser/ode@0.3=1.5e+02 diag={'disc_neg': 0, 'root_jump': 0}  [ 16.4s]
  p= 3.6673 M= 3.7012 H1=+3.295e-10 F(pi/2)=-1.326e-05 F(5deg)=-3.667e+00 resid=1.4e-08 ser/ode@0.3=1.5e+02 diag={'disc_neg': 0, 'root_jump': 0}  [ 16.8s]
  p= 3.8079 M= 3.8406 H1=+1.419e-10 F(pi/2)=+7.875e-04 F(5deg)=+3.347e+02 resid=5.7e-13 ser/ode@0.3=5.3e+02 diag={'disc_neg': 0, 'root_jump': 0}  [ 17.2s]
  p= 3.9431 M= 3.9746 H1=+6.304e-11 F(pi/2)=+7.443e-04 F(5deg)=+4.790e+02 resid=4.0e-14 ser/ode@0.3=7.4e+02 diag={'disc_neg': 0, 'root_jump': 0}  [ 17.6s]
  p= 4.0722 M= 4.1027 H1=+2.901e-11 F(pi/2)=+8.465e-04 F(5deg)=+8.092e+02 resid=7.6e-09 ser/ode@0.3=1.0e+03 diag={'disc_neg': 0, 'root_jump': 0}  [ 18.0s]
  p= 4.1947 M= 4.2244 H1=+1.387e-11 F(pi/2)=+1.172e-03 F(5deg)=+1.630e+03 resid=2.6e-13 ser/ode@0.3=2.3e+03 diag={'disc_neg': 0, 'root_jump': 0}  [ 18.3s]
  p= 4.3101 M= 4.3390 H1=+6.918e-12 F(pi/2)=+1.278e-03 F(5deg)=+2.528e+03 resid=9.7e-14 ser/ode@0.3=5.2e+03 diag={'disc_neg': 0, 'root_jump': 0}  [ 18.7s]
  p= 4.4179 M= 4.4461 H1=+3.609e-12 F(pi/2)=+1.186e-03 F(5deg)=+3.261e+03 resid=5.8e-14 ser/ode@0.3=7.6e+03 diag={'disc_neg': 0, 'root_jump': 0}  [ 19.1s]
  p= 4.5177 M= 4.5453 H1=+1.976e-12 F(pi/2)=+1.100e-03 F(5deg)=+4.101e+03 resid=4.2e-09 ser/ode@0.3=7.6e+03 diag={'disc_neg': 0, 'root_jump': 0}  [ 19.4s]
  p= 4.6090 M= 4.6360 H1=+1.137e-12 F(pi/2)=+9.116e-04 F(5deg)=+4.486e+03 resid=6.6e-14 ser/ode@0.3=7.1e+03 diag={'disc_neg': 0, 'root_jump': 0}  [ 19.8s]
  p= 4.6914 M= 4.7180 H1=+6.909e-13 F(pi/2)=+8.371e-04 F(5deg)=+5.295e+03 resid=2.2e-09 ser/ode@0.3=1.1e+04 diag={'disc_neg': 0, 'root_jump': 0}  [ 20.1s]
  p= 4.7647 M= 4.7909 H1=+4.433e-13 F(pi/2)=+6.956e-04 F(5deg)=+5.498e+03 resid=1.8e-08 ser/ode@0.3=9.1e+03 diag={'disc_neg': 0, 'root_jump': 0}  [ 20.4s]
  p= 4.8285 M= 4.8543 H1=+3.010e-13 F(pi/2)=+6.127e-04 F(5deg)=+5.879e+03 resid=3.9e-14 ser/ode@0.3=9.1e+03 diag={'disc_neg': 0, 'root_jump': 0}  [ 20.7s]
  p= 4.8825 M= 4.9080 H1=+2.170e-13 F(pi/2)=+6.158e-04 F(5deg)=+6.963e+03 resid=1.8e-08 ser/ode@0.3=9.7e+03 diag={'disc_neg': 0, 'root_jump': 0}  [ 21.2s]
  p= 4.9265 M= 4.9518 H1=+1.656e-13 F(pi/2)=+6.290e-04 F(5deg)=+8.130e+03 resid=2.5e-14 ser/ode@0.3=9.2e+03 diag={'disc_neg': 0, 'root_jump': 0}  [ 21.6s]
  p= 4.9603 M= 4.9854 H1=+1.348e-13 F(pi/2)=+5.706e-04 F(5deg)=+8.173e+03 resid=1.6e-14 ser/ode@0.3=8.5e+03 diag={'disc_neg': 0, 'root_jump': 0}  [ 22.0s]
  p= 4.9838 M= 5.0088 H1=+1.176e-13 F(pi/2)=+6.418e-04 F(5deg)=+9.873e+03 resid=1.6e-14 ser/ode@0.3=1.3e+04 diag={'disc_neg': 0, 'root_jump': 0}  [ 22.3s]
  p= 4.9969 M= 5.0219 H1=+1.089e-13 F(pi/2)=+6.389e-04 F(5deg)=+1.023e+04 resid=2.1e-14 ser/ode@0.3=1.3e+04 diag={'disc_neg': 0, 'root_jump': 0}  [ 22.8s]
