p1|E=1,L=0,mu2=4     x=5/4   p: rel 5.13e-51
p1|E=1,L=0,mu2=4     x=5/4   q: rel 1.44e-50
p1|E=1,L=0,mu2=4     x=5/4   A: rel 3.10e-50
p1|E=1,L=0,mu2=4     x=5/4   B: rel 4.31e-50
p1|E=1,L=0,mu2=4     x=5/4   X: rel 2.89e-50
p1|E=1,L=0,mu2=4     x=5/3   p: rel 3.66e-50
p1|E=1,L=0,mu2=4     x=5/3   q: rel 2.56e-51
p1|E=1,L=0,mu2=4     x=5/3   A: rel 2.53e-51
p1|E=1,L=0,mu2=4     x=5/3   B: rel 1.46e-50
p1|E=1,L=0,mu2=4     x=5/3   X: rel 1.19e-50
p1|E=1,L=0,mu2=4     x=2     p: rel 4.40e-51
p1|E=1,L=0,mu2=4     x=2     q: rel 2.35e-50
p1|E=1,L=0,mu2=4     x=2     A: rel 4.28e-51
p1|E=1,L=0,mu2=4     x=2     B: rel 2.31e-51
p1|E=1,L=0,mu2=4     x=2     X: rel 3.21e-51
p1|E=1,L=0,mu2=4     x=13/4  p: rel 4.74e-51
p1|E=1,L=0,mu2=4     x=13/4  q: rel 2.50e-52
p1|E=1,L=0,mu2=4     x=13/4  A: rel 5.69e-51
p1|E=1,L=0,mu2=4     x=13/4  B: rel 9.02e-51
p1|E=1,L=0,mu2=4     x=13/4  X: rel 8.56e-52
p1|E=1,L=0,mu2=9     x=5/4   p: rel 2.22e-50
p1|E=1,L=0,mu2=9     x=5/4   q: rel 1.91e-51
p1|E=1,L=0,mu2=9     x=5/4   A: rel 3.10e-50
p1|E=1,L=0,mu2=9     x=5/4   B: rel 9.97e-51
p1|E=1,L=0,mu2=9     x=5/4   X: rel 8.75e-52
p1|E=1,L=0,mu2=9     x=5/3   p: rel 1.02e-50
p1|E=1,L=0,mu2=9     x=5/3   q: rel 2.16e-51
p1|E=1,L=0,mu2=9     x=5/3   A: rel 2.53e-51
p1|E=1,L=0,mu2=9     x=5/3   B: rel 2.41e-51
p1|E=1,L=0,mu2=9     x=5/3   X: rel 5.54e-51
p1|E=1,L=0,mu2=9     x=2     p: rel 1.14e-50
p1|E=1,L=0,mu2=9     x=2     q: rel 3.65e-50
p1|E=1,L=0,mu2=9     x=2     A: rel 4.28e-51
p1|E=1,L=0,mu2=9     x=2     B: rel 2.81e-50
p1|E=1,L=0,mu2=9     x=2     X: rel 3.52e-51
p1|E=1,L=0,mu2=9     x=13/4  p: rel 5.09e-51
p1|E=1,L=0,mu2=9     x=13/4  q: rel 9.98e-51
p1|E=1,L=0,mu2=9     x=13/4  A: rel 5.69e-51
p1|E=1,L=0,mu2=9     x=13/4  B: rel 1.41e-50
p1|E=1,L=0,mu2=9     x=13/4  X: rel 1.67e-50
p1|E=1,L=1,mu2=4     x=5/4   p: rel 9.54e-51
p1|E=1,L=1,mu2=4     x=5/4   q: rel 3.57e-50
p1|E=1,L=1,mu2=4     x=5/4   A: rel 3.10e-50
p1|E=1,L=1,mu2=4     x=5/4   B: rel 3.66e-51
p1|E=1,L=1,mu2=4     x=5/4   X: rel 1.79e-50
p1|E=1,L=1,mu2=4     x=5/3   p: rel 3.51e-50
p1|E=1,L=1,mu2=4     x=5/3   q: rel 2.06e-51
p1|E=1,L=1,mu2=4     x=5/3   A: rel 2.53e-51
p1|E=1,L=1,mu2=4     x=5/3   B: rel 1.17e-50
p1|E=1,L=1,mu2=4     x=5/3   X: rel 2.23e-50
p1|E=1,L=1,mu2=4     x=2     p: rel 1.92e-50
p1|E=1,L=1,mu2=4     x=2     q: rel 2.34e-51
p1|E=1,L=1,mu2=4     x=2     A: rel 4.28e-51
p1|E=1,L=1,mu2=4     x=2     B: rel 4.22e-51
p1|E=1,L=1,mu2=4     x=2     X: rel 2.00e-50
p1|E=1,L=1,mu2=4     x=13/4  p: rel 2.30e-51
p1|E=1,L=1,mu2=4     x=13/4  q: rel 4.66e-52
p1|E=1,L=1,mu2=4     x=13/4  A: rel 5.69e-51
p1|E=1,L=1,mu2=4     x=13/4  B: rel 7.80e-51
p1|E=1,L=1,mu2=4     x=13/4  X: rel 5.96e-51
p2|E=1,L=0,mu2=4     x=5/4   p: rel 1.48e-50
p2|E=1,L=0,mu2=4     x=5/4   q: rel 8.11e-51
p2|E=1,L=0,mu2=4     x=5/4   A: rel 1.23e-50
p2|E=1,L=0,mu2=4     x=5/4   B: rel 5.53e-51
p2|E=1,L=0,mu2=4     x=5/4   X: rel 6.84e-51
p2|E=1,L=0,mu2=4     x=5/3   p: rel 4.10e-50
p2|E=1,L=0,mu2=4     x=5/3   q: rel 9.91e-51
p2|E=1,L=0,mu2=4     x=5/3   A: rel 1.01e-51
p2|E=1,L=0,mu2=4     x=5/3   B: rel 1.41e-50
p2|E=1,L=0,mu2=4     x=5/3   X: rel 1.98e-50
p2|E=1,L=0,mu2=4     x=2     p: rel 1.02e-50
p2|E=1,L=0,mu2=4     x=2     q: rel 8.00e-51
p2|E=1,L=0,mu2=4     x=2     A: rel 5.28e-51
p2|E=1,L=0,mu2=4     x=2     B: rel 5.13e-51
p2|E=1,L=0,mu2=4     x=2     X: rel 2.55e-51
p2|E=1,L=0,mu2=4     x=13/4  p: rel 1.24e-51
p2|E=1,L=0,mu2=4     x=13/4  q: rel 2.36e-50
p2|E=1,L=0,mu2=4     x=13/4  A: rel 8.25e-51
p2|E=1,L=0,mu2=4     x=13/4  B: rel 7.70e-51
p2|E=1,L=0,mu2=4     x=13/4  X: rel 1.68e-51
p2|E=1,L=0,mu2=9     x=5/4   p: rel 7.46e-51
p2|E=1,L=0,mu2=9     x=5/4   q: rel 2.69e-51
p2|E=1,L=0,mu2=9     x=5/4   A: rel 1.23e-50
p2|E=1,L=0,mu2=9     x=5/4   B: rel 8.40e-51
p2|E=1,L=0,mu2=9     x=5/4   X: rel 6.44e-52
p2|E=1,L=0,mu2=9     x=5/3   p: rel 9.85e-51
p2|E=1,L=0,mu2=9     x=5/3   q: rel 4.80e-51
p2|E=1,L=0,mu2=9     x=5/3   A: rel 1.01e-51
p2|E=1,L=0,mu2=9     x=5/3   B: rel 9.29e-52
p2|E=1,L=0,mu2=9     x=5/3   X: rel 5.45e-51
p2|E=1,L=0,mu2=9     x=2     p: rel 4.22e-50
p2|E=1,L=0,mu2=9     x=2     q: rel 7.24e-51
p2|E=1,L=0,mu2=9     x=2     A: rel 5.28e-51
p2|E=1,L=0,mu2=9     x=2     B: rel 2.50e-51
p2|E=1,L=0,mu2=9     x=2     X: rel 8.63e-51
p2|E=1,L=0,mu2=9     x=13/4  p: rel 2.89e-51
p2|E=1,L=0,mu2=9     x=13/4  q: rel 1.43e-51
p2|E=1,L=0,mu2=9     x=13/4  A: rel 8.25e-51
p2|E=1,L=0,mu2=9     x=13/4  B: rel 2.81e-51
p2|E=1,L=0,mu2=9     x=13/4  X: rel 7.48e-51
p2|E=1,L=1,mu2=4     x=5/4   p: rel 3.30e-51
p2|E=1,L=1,mu2=4     x=5/4   q: rel 2.12e-50
p2|E=1,L=1,mu2=4     x=5/4   A: rel 1.23e-50
p2|E=1,L=1,mu2=4     x=5/4   B: rel 2.72e-51
p2|E=1,L=1,mu2=4     x=5/4   X: rel 2.58e-51
p2|E=1,L=1,mu2=4     x=5/3   p: rel 1.00e-51
p2|E=1,L=1,mu2=4     x=5/3   q: rel 2.81e-51
p2|E=1,L=1,mu2=4     x=5/3   A: rel 1.01e-51
p2|E=1,L=1,mu2=4     x=5/3   B: rel 8.26e-51
p2|E=1,L=1,mu2=4     x=5/3   X: rel 1.12e-50
p2|E=1,L=1,mu2=4     x=2     p: rel 5.58e-51
p2|E=1,L=1,mu2=4     x=2     q: rel 9.42e-51
p2|E=1,L=1,mu2=4     x=2     A: rel 5.28e-51
p2|E=1,L=1,mu2=4     x=2     B: rel 4.98e-51
p2|E=1,L=1,mu2=4     x=2     X: rel 2.48e-51
p2|E=1,L=1,mu2=4     x=13/4  p: rel 3.33e-51
p2|E=1,L=1,mu2=4     x=13/4  q: rel 7.82e-51
p2|E=1,L=1,mu2=4     x=13/4  A: rel 8.25e-51
p2|E=1,L=1,mu2=4     x=13/4  B: rel 8.11e-52
p2|E=1,L=1,mu2=4     x=13/4  X: rel 6.04e-51
max rel 4.30617277486361e-50 PASS
