p1|E=1,L=0,mu2=4   x=5/4   p: rel 1.38e-51
p1|E=1,L=0,mu2=4   x=5/4   q: rel 5.35e-51
p1|E=1,L=0,mu2=4   x=5/4   A: rel 3.12e-50
p1|E=1,L=0,mu2=4   x=5/4   B: rel 4.92e-51
p1|E=1,L=0,mu2=4   x=5/4   X: rel 2.48e-52
p1|E=1,L=0,mu2=4   x=5/3   p: rel 9.85e-51
p1|E=1,L=0,mu2=4   x=5/3   q: rel 1.26e-50
p1|E=1,L=0,mu2=4   x=5/3   A: rel 6.40e-51
p1|E=1,L=0,mu2=4   x=5/3   B: rel 3.00e-51
p1|E=1,L=0,mu2=4   x=5/3   X: rel 2.94e-51
p1|E=1,L=0,mu2=4   x=2     p: rel 7.36e-51
p1|E=1,L=0,mu2=4   x=2     q: rel 1.09e-50
p1|E=1,L=0,mu2=4   x=2     A: rel 4.86e-51
p1|E=1,L=0,mu2=4   x=2     B: rel 5.41e-51
p1|E=1,L=0,mu2=4   x=2     X: rel 5.30e-51
p1|E=1,L=0,mu2=4   x=13/4  p: rel 5.38e-51
p1|E=1,L=0,mu2=4   x=13/4  q: rel 2.97e-51
p1|E=1,L=0,mu2=4   x=13/4  A: rel 1.31e-50
p1|E=1,L=0,mu2=4   x=13/4  B: rel 5.10e-51
p1|E=1,L=0,mu2=4   x=13/4  X: rel 5.72e-52
p1|E=1,L=0,mu2=9   x=5/4   p: rel 3.94e-50
p1|E=1,L=0,mu2=9   x=5/4   q: rel 3.50e-50
p1|E=1,L=0,mu2=9   x=5/4   A: rel 3.12e-50
p1|E=1,L=0,mu2=9   x=5/4   B: rel 2.11e-51
p1|E=1,L=0,mu2=9   x=5/4   X: rel 2.74e-51
p1|E=1,L=0,mu2=9   x=5/3   p: rel 1.34e-50
p1|E=1,L=0,mu2=9   x=5/3   q: rel 7.55e-51
p1|E=1,L=0,mu2=9   x=5/3   A: rel 6.40e-51
p1|E=1,L=0,mu2=9   x=5/3   B: rel 5.98e-51
p1|E=1,L=0,mu2=9   x=5/3   X: rel 7.79e-51
p1|E=1,L=0,mu2=9   x=2     p: rel 3.35e-50
p1|E=1,L=0,mu2=9   x=2     q: rel 4.10e-50
p1|E=1,L=0,mu2=9   x=2     A: rel 4.86e-51
p1|E=1,L=0,mu2=9   x=2     B: rel 2.30e-50
p1|E=1,L=0,mu2=9   x=2     X: rel 3.09e-52
p1|E=1,L=0,mu2=9   x=13/4  p: rel 7.89e-52
p1|E=1,L=0,mu2=9   x=13/4  q: rel 2.79e-50
p1|E=1,L=0,mu2=9   x=13/4  A: rel 1.31e-50
p1|E=1,L=0,mu2=9   x=13/4  B: rel 6.10e-52
p1|E=1,L=0,mu2=9   x=13/4  X: rel 5.94e-51
p2|E=1,L=0,mu2=4   x=5/4   p: rel 8.25e-52
p2|E=1,L=0,mu2=4   x=5/4   q: rel 5.13e-51
p2|E=1,L=0,mu2=4   x=5/4   A: rel 5.76e-51
p2|E=1,L=0,mu2=4   x=5/4   B: rel 5.88e-52
p2|E=1,L=0,mu2=4   x=5/4   X: rel 1.01e-50
p2|E=1,L=0,mu2=4   x=5/3   p: rel 7.25e-52
p2|E=1,L=0,mu2=4   x=5/3   q: rel 1.15e-50
p2|E=1,L=0,mu2=4   x=5/3   A: rel 6.26e-51
p2|E=1,L=0,mu2=4   x=5/3   B: rel 1.28e-51
p2|E=1,L=0,mu2=4   x=5/3   X: rel 1.98e-50
p2|E=1,L=0,mu2=4   x=2     p: rel 1.20e-50
p2|E=1,L=0,mu2=4   x=2     q: rel 2.41e-51
p2|E=1,L=0,mu2=4   x=2     A: rel 1.70e-51
p2|E=1,L=0,mu2=4   x=2     B: rel 4.78e-51
p2|E=1,L=0,mu2=4   x=2     X: rel 2.04e-51
p2|E=1,L=0,mu2=4   x=13/4  p: rel 5.41e-51
p2|E=1,L=0,mu2=4   x=13/4  q: rel 9.24e-51
p2|E=1,L=0,mu2=4   x=13/4  A: rel 4.40e-51
p2|E=1,L=0,mu2=4   x=13/4  B: rel 8.25e-51
p2|E=1,L=0,mu2=4   x=13/4  X: rel 5.34e-51
p2|E=1,L=0,mu2=9   x=5/4   p: rel 9.04e-52
p2|E=1,L=0,mu2=9   x=5/4   q: rel 8.63e-51
p2|E=1,L=0,mu2=9   x=5/4   A: rel 5.76e-51
p2|E=1,L=0,mu2=9   x=5/4   B: rel 5.92e-51
p2|E=1,L=0,mu2=9   x=5/4   X: rel 1.74e-50
p2|E=1,L=0,mu2=9   x=5/3   p: rel 1.72e-50
p2|E=1,L=0,mu2=9   x=5/3   q: rel 2.80e-50
p2|E=1,L=0,mu2=9   x=5/3   A: rel 6.26e-51
p2|E=1,L=0,mu2=9   x=5/3   B: rel 3.71e-50
p2|E=1,L=0,mu2=9   x=5/3   X: rel 3.10e-51
p2|E=1,L=0,mu2=9   x=2     p: rel 2.09e-50
p2|E=1,L=0,mu2=9   x=2     q: rel 5.69e-51
p2|E=1,L=0,mu2=9   x=2     A: rel 1.70e-51
p2|E=1,L=0,mu2=9   x=2     B: rel 2.44e-50
p2|E=1,L=0,mu2=9   x=2     X: rel 4.26e-50
p2|E=1,L=0,mu2=9   x=13/4  p: rel 1.06e-51
p2|E=1,L=0,mu2=9   x=13/4  q: rel 3.00e-51
p2|E=1,L=0,mu2=9   x=13/4  A: rel 4.40e-51
p2|E=1,L=0,mu2=9   x=13/4  B: rel 4.73e-51
p2|E=1,L=0,mu2=9   x=13/4  X: rel 1.77e-50
max rel 4.2550733017992664e-50 PASS
