{
 "(a) around 0": {
  "trace": "[-1.000000000000000000000000000000000 +/- 1.66e-35] + [+/- 1.66e-35]j",
  "expected": -1.0000000000000002,
  "contains": true,
  "digits": 34.48110137790614,
  "det": "[1.00000000000000000000000000000000 +/- 1.17e-34] + [+/- 1.17e-34]j"
 },
 "(a) around 1": {
  "trace": "[-1.6180339887498948482045868343656381 +/- 4.10e-35] + [+/- 2.33e-35]j",
  "expected": -1.618033988749895,
  "contains": true,
  "digits": 34.542372121430745,
  "det": "[1.00000000000000000000000000000000 +/- 1.91e-34] + [+/- 1.91e-34]j"
 },
 "(b) pullback, loop around E=1 root x1": {
  "x1": "(0.5913083440782472-0.34139203162764786j)",
  "E_minus_1_at_x1": 1.1810447937428942e-15,
  "trace": "[-1.618033988749894848204586834365638 +/- 2.16e-34] + [+/- 9.82e-35]j",
  "expected": -1.618033988749895,
  "contains": true,
  "digits": 33.916059140478175,
  "det": "[1.00000000000000000000000000000000 +/- 6.95e-34] + [+/- 6.95e-34]j"
 },
 "G0_PASS": true
}
