P1|E=1,L=0,mu2=4   x=5/4   p: rel 5.68e-51
P1|E=1,L=0,mu2=4   x=5/4   q: rel 5.73e-51
P1|E=1,L=0,mu2=4   x=5/4   A: rel 2.48e-51
P1|E=1,L=0,mu2=4   x=5/4   B: rel 2.22e-50
P1|E=1,L=0,mu2=4   x=5/4   X: rel 7.30e-51
P1|E=1,L=0,mu2=4   x=5/3   p: rel 1.83e-51
P1|E=1,L=0,mu2=4   x=5/3   q: rel 6.49e-51
P1|E=1,L=0,mu2=4   x=5/3   A: rel 0.00e+00
P1|E=1,L=0,mu2=4   x=5/3   B: rel 6.38e-51
P1|E=1,L=0,mu2=4   x=5/3   X: rel 9.46e-52
P1|E=1,L=0,mu2=4   x=2     p: rel 1.37e-50
P1|E=1,L=0,mu2=4   x=2     q: rel 7.60e-51
P1|E=1,L=0,mu2=4   x=2     A: rel 8.27e-51
P1|E=1,L=0,mu2=4   x=2     B: rel 1.13e-51
P1|E=1,L=0,mu2=4   x=2     X: rel 1.19e-50
P1|E=1,L=0,mu2=4   x=13/4  p: rel 9.10e-52
P1|E=1,L=0,mu2=4   x=13/4  q: rel 3.31e-52
P1|E=1,L=0,mu2=4   x=13/4  A: rel 1.90e-50
P1|E=1,L=0,mu2=4   x=13/4  B: rel 1.46e-50
P1|E=1,L=0,mu2=4   x=13/4  X: rel 5.30e-51
P1|E=1,L=0,mu2=9   x=5/4   p: rel 1.25e-50
P1|E=1,L=0,mu2=9   x=5/4   q: rel 2.50e-51
P1|E=1,L=0,mu2=9   x=5/4   A: rel 2.48e-51
P1|E=1,L=0,mu2=9   x=5/4   B: rel 1.67e-50
P1|E=1,L=0,mu2=9   x=5/4   X: rel 1.03e-50
P1|E=1,L=0,mu2=9   x=5/3   p: rel 1.86e-51
P1|E=1,L=0,mu2=9   x=5/3   q: rel 4.29e-51
P1|E=1,L=0,mu2=9   x=5/3   A: rel 0.00e+00
P1|E=1,L=0,mu2=9   x=5/3   B: rel 1.10e-50
P1|E=1,L=0,mu2=9   x=5/3   X: rel 5.32e-51
P1|E=1,L=0,mu2=9   x=2     p: rel 9.66e-51
P1|E=1,L=0,mu2=9   x=2     q: rel 2.76e-50
P1|E=1,L=0,mu2=9   x=2     A: rel 8.27e-51
P1|E=1,L=0,mu2=9   x=2     B: rel 3.64e-51
P1|E=1,L=0,mu2=9   x=2     X: rel 4.65e-51
P1|E=1,L=0,mu2=9   x=13/4  p: rel 1.16e-50
P1|E=1,L=0,mu2=9   x=13/4  q: rel 3.17e-50
P1|E=1,L=0,mu2=9   x=13/4  A: rel 1.90e-50
P1|E=1,L=0,mu2=9   x=13/4  B: rel 6.42e-51
P1|E=1,L=0,mu2=9   x=13/4  X: rel 4.35e-51
P1|E=1,L=1,mu2=4   x=5/4   p: rel 1.21e-50
P1|E=1,L=1,mu2=4   x=5/4   q: rel 6.52e-51
P1|E=1,L=1,mu2=4   x=5/4   A: rel 2.48e-51
P1|E=1,L=1,mu2=4   x=5/4   B: rel 2.92e-51
P1|E=1,L=1,mu2=4   x=5/4   X: rel 1.45e-50
P1|E=1,L=1,mu2=4   x=5/3   p: rel 1.78e-51
P1|E=1,L=1,mu2=4   x=5/3   q: rel 2.00e-51
P1|E=1,L=1,mu2=4   x=5/3   A: rel 0.00e+00
P1|E=1,L=1,mu2=4   x=5/3   B: rel 5.76e-51
P1|E=1,L=1,mu2=4   x=5/3   X: rel 3.31e-51
P1|E=1,L=1,mu2=4   x=2     p: rel 6.61e-51
P1|E=1,L=1,mu2=4   x=2     q: rel 7.05e-51
P1|E=1,L=1,mu2=4   x=2     A: rel 8.27e-51
P1|E=1,L=1,mu2=4   x=2     B: rel 2.70e-50
P1|E=1,L=1,mu2=4   x=2     X: rel 1.02e-50
P1|E=1,L=1,mu2=4   x=13/4  p: rel 3.93e-51
P1|E=1,L=1,mu2=4   x=13/4  q: rel 3.17e-50
P1|E=1,L=1,mu2=4   x=13/4  A: rel 1.90e-50
P1|E=1,L=1,mu2=4   x=13/4  B: rel 4.76e-51
P1|E=1,L=1,mu2=4   x=13/4  X: rel 5.28e-51
P2|E=1,L=0,mu2=4   x=5/4   p: rel 1.55e-50
P2|E=1,L=0,mu2=4   x=5/4   q: rel 7.14e-51
P2|E=1,L=0,mu2=4   x=5/4   A: rel 1.70e-51
P2|E=1,L=0,mu2=4   x=5/4   B: rel 1.13e-52
P2|E=1,L=0,mu2=4   x=5/4   X: rel 1.78e-51
P2|E=1,L=0,mu2=4   x=5/3   p: rel 6.15e-51
P2|E=1,L=0,mu2=4   x=5/3   q: rel 7.13e-51
P2|E=1,L=0,mu2=4   x=5/3   A: rel 2.44e-50
P2|E=1,L=0,mu2=4   x=5/3   B: rel 1.99e-50
P2|E=1,L=0,mu2=4   x=5/3   X: rel 4.05e-51
P2|E=1,L=0,mu2=4   x=2     p: rel 1.21e-50
P2|E=1,L=0,mu2=4   x=2     q: rel 1.43e-50
P2|E=1,L=0,mu2=4   x=2     A: rel 5.10e-52
P2|E=1,L=0,mu2=4   x=2     B: rel 6.89e-51
P2|E=1,L=0,mu2=4   x=2     X: rel 1.19e-51
P2|E=1,L=0,mu2=4   x=13/4  p: rel 2.75e-50
P2|E=1,L=0,mu2=4   x=13/4  q: rel 1.33e-50
P2|E=1,L=0,mu2=4   x=13/4  A: rel 7.17e-51
P2|E=1,L=0,mu2=4   x=13/4  B: rel 1.96e-51
P2|E=1,L=0,mu2=4   x=13/4  X: rel 4.47e-51
P2|E=1,L=0,mu2=9   x=5/4   p: rel 1.33e-50
P2|E=1,L=0,mu2=9   x=5/4   q: rel 9.89e-51
P2|E=1,L=0,mu2=9   x=5/4   A: rel 1.70e-51
P2|E=1,L=0,mu2=9   x=5/4   B: rel 7.22e-51
P2|E=1,L=0,mu2=9   x=5/4   X: rel 2.62e-51
P2|E=1,L=0,mu2=9   x=5/3   p: rel 3.60e-51
P2|E=1,L=0,mu2=9   x=5/3   q: rel 5.68e-51
P2|E=1,L=0,mu2=9   x=5/3   A: rel 2.44e-50
P2|E=1,L=0,mu2=9   x=5/3   B: rel 4.74e-51
P2|E=1,L=0,mu2=9   x=5/3   X: rel 1.18e-50
P2|E=1,L=0,mu2=9   x=2     p: rel 2.21e-50
P2|E=1,L=0,mu2=9   x=2     q: rel 1.01e-51
P2|E=1,L=0,mu2=9   x=2     A: rel 5.10e-52
P2|E=1,L=0,mu2=9   x=2     B: rel 6.46e-51
P2|E=1,L=0,mu2=9   x=2     X: rel 1.94e-51
P2|E=1,L=0,mu2=9   x=13/4  p: rel 3.54e-51
P2|E=1,L=0,mu2=9   x=13/4  q: rel 6.57e-51
P2|E=1,L=0,mu2=9   x=13/4  A: rel 7.17e-51
P2|E=1,L=0,mu2=9   x=13/4  B: rel 7.84e-51
P2|E=1,L=0,mu2=9   x=13/4  X: rel 9.85e-51
P2|E=1,L=1,mu2=4   x=5/4   p: rel 1.06e-52
P2|E=1,L=1,mu2=4   x=5/4   q: rel 9.98e-52
P2|E=1,L=1,mu2=4   x=5/4   A: rel 1.70e-51
P2|E=1,L=1,mu2=4   x=5/4   B: rel 7.18e-51
P2|E=1,L=1,mu2=4   x=5/4   X: rel 5.17e-51
P2|E=1,L=1,mu2=4   x=5/3   p: rel 2.63e-51
P2|E=1,L=1,mu2=4   x=5/3   q: rel 7.23e-51
P2|E=1,L=1,mu2=4   x=5/3   A: rel 2.44e-50
P2|E=1,L=1,mu2=4   x=5/3   B: rel 1.95e-50
P2|E=1,L=1,mu2=4   x=5/3   X: rel 6.93e-51
P2|E=1,L=1,mu2=4   x=2     p: rel 9.86e-51
P2|E=1,L=1,mu2=4   x=2     q: rel 1.51e-50
P2|E=1,L=1,mu2=4   x=2     A: rel 5.10e-52
P2|E=1,L=1,mu2=4   x=2     B: rel 5.50e-51
P2|E=1,L=1,mu2=4   x=2     X: rel 4.03e-52
P2|E=1,L=1,mu2=4   x=13/4  p: rel 2.51e-51
P2|E=1,L=1,mu2=4   x=13/4  q: rel 6.40e-51
P2|E=1,L=1,mu2=4   x=13/4  A: rel 7.17e-51
P2|E=1,L=1,mu2=4   x=13/4  B: rel 1.15e-50
P2|E=1,L=1,mu2=4   x=13/4  X: rel 1.26e-50
max rel 3.1729601891446817e-50 PASS
